Archive member included to satisfy reference by file (symbol)

/usr/lib/gcc/arm-none-eabi/9.2.1/thumb/v7-m/nofp/libgcc.a(_aeabi_uldivmod.o)
                              obj_zoul/cc2538-rf.o (__aeabi_uldivmod)
/usr/lib/gcc/arm-none-eabi/9.2.1/thumb/v7-m/nofp/libgcc.a(_udivmoddi4.o)
                              /usr/lib/gcc/arm-none-eabi/9.2.1/thumb/v7-m/nofp/libgcc.a(_aeabi_uldivmod.o) (__udivmoddi4)
/usr/lib/gcc/arm-none-eabi/9.2.1/thumb/v7-m/nofp/libgcc.a(_dvmd_tls.o)
                              /usr/lib/gcc/arm-none-eabi/9.2.1/thumb/v7-m/nofp/libgcc.a(_aeabi_uldivmod.o) (__aeabi_ldiv0)
/usr/lib/gcc/arm-none-eabi/9.2.1/../../../arm-none-eabi/lib/thumb/v7-m/nofp/libc.a(lib_a-ctype_.o)
                              obj_zoul/resolv.o (_ctype_)
/usr/lib/gcc/arm-none-eabi/9.2.1/../../../arm-none-eabi/lib/thumb/v7-m/nofp/libc.a(lib_a-memcmp.o)
                              obj_zoul/slip.o (memcmp)
/usr/lib/gcc/arm-none-eabi/9.2.1/../../../arm-none-eabi/lib/thumb/v7-m/nofp/libc.a(lib_a-memcpy.o)
                              obj_zoul/mqtt.o (memcpy)
/usr/lib/gcc/arm-none-eabi/9.2.1/../../../arm-none-eabi/lib/thumb/v7-m/nofp/libc.a(lib_a-memmove.o)
                              obj_zoul/mmem.o (memmove)
/usr/lib/gcc/arm-none-eabi/9.2.1/../../../arm-none-eabi/lib/thumb/v7-m/nofp/libc.a(lib_a-memset.o)
                              obj_zoul/mqtt.o (memset)
/usr/lib/gcc/arm-none-eabi/9.2.1/../../../arm-none-eabi/lib/thumb/v7-m/nofp/libc.a(lib_a-reent.o)
                              obj_zoul/syscalls.o (errno)
/usr/lib/gcc/arm-none-eabi/9.2.1/../../../arm-none-eabi/lib/thumb/v7-m/nofp/libc.a(lib_a-strcasecmp.o)
                              obj_zoul/resolv.o (strcasecmp)
/usr/lib/gcc/arm-none-eabi/9.2.1/../../../arm-none-eabi/lib/thumb/v7-m/nofp/libc.a(lib_a-strcat.o)
                              obj_zoul/resolv.o (strcat)
/usr/lib/gcc/arm-none-eabi/9.2.1/../../../arm-none-eabi/lib/thumb/v7-m/nofp/libc.a(lib_a-strcmp.o)
                              obj_zoul/cfs-coffee.o (strcmp)
/usr/lib/gcc/arm-none-eabi/9.2.1/../../../arm-none-eabi/lib/thumb/v7-m/nofp/libc.a(lib_a-strcpy.o)
                              /usr/lib/gcc/arm-none-eabi/9.2.1/../../../arm-none-eabi/lib/thumb/v7-m/nofp/libc.a(lib_a-strcat.o) (strcpy)
/usr/lib/gcc/arm-none-eabi/9.2.1/../../../arm-none-eabi/lib/thumb/v7-m/nofp/libc.a(lib_a-strlen-stub.o)
                              obj_zoul/mqtt.o (strlen)
/usr/lib/gcc/arm-none-eabi/9.2.1/../../../arm-none-eabi/lib/thumb/v7-m/nofp/libc.a(lib_a-strncasecmp.o)
                              obj_zoul/resolv.o (strncasecmp)
/usr/lib/gcc/arm-none-eabi/9.2.1/../../../arm-none-eabi/lib/thumb/v7-m/nofp/libc.a(lib_a-strncat.o)
                              obj_zoul/resolv.o (strncat)
/usr/lib/gcc/arm-none-eabi/9.2.1/../../../arm-none-eabi/lib/thumb/v7-m/nofp/libc.a(lib_a-strncmp.o)
                              obj_zoul/sensors.o (strncmp)
/usr/lib/gcc/arm-none-eabi/9.2.1/../../../arm-none-eabi/lib/thumb/v7-m/nofp/libc.a(lib_a-strncpy.o)
                              obj_zoul/cfs-coffee.o (strncpy)
/usr/lib/gcc/arm-none-eabi/9.2.1/../../../arm-none-eabi/lib/thumb/v7-m/nofp/libc.a(lib_a-freer.o)
                              /usr/lib/gcc/arm-none-eabi/9.2.1/../../../arm-none-eabi/lib/thumb/v7-m/nofp/libc.a(lib_a-reent.o) (_free_r)
/usr/lib/gcc/arm-none-eabi/9.2.1/../../../arm-none-eabi/lib/thumb/v7-m/nofp/libc.a(lib_a-impure.o)
                              /usr/lib/gcc/arm-none-eabi/9.2.1/../../../arm-none-eabi/lib/thumb/v7-m/nofp/libc.a(lib_a-reent.o) (_impure_ptr)
/usr/lib/gcc/arm-none-eabi/9.2.1/../../../arm-none-eabi/lib/thumb/v7-m/nofp/libc.a(lib_a-mallocr.o)
                              /usr/lib/gcc/arm-none-eabi/9.2.1/../../../arm-none-eabi/lib/thumb/v7-m/nofp/libc.a(lib_a-freer.o) (__malloc_current_mallinfo)
/usr/lib/gcc/arm-none-eabi/9.2.1/../../../arm-none-eabi/lib/thumb/v7-m/nofp/libc.a(lib_a-mlock.o)
                              /usr/lib/gcc/arm-none-eabi/9.2.1/../../../arm-none-eabi/lib/thumb/v7-m/nofp/libc.a(lib_a-freer.o) (__malloc_lock)
/usr/lib/gcc/arm-none-eabi/9.2.1/../../../arm-none-eabi/lib/thumb/v7-m/nofp/libc.a(lib_a-sbrkr.o)
                              /usr/lib/gcc/arm-none-eabi/9.2.1/../../../arm-none-eabi/lib/thumb/v7-m/nofp/libc.a(lib_a-freer.o) (_sbrk_r)

Allocating common symbols
Common symbol       size              file

compower_idle_activity
                    0x8               obj_zoul/compower.o
uip_ds6_timer_ra    0x8               obj_zoul/uip-ds6.o
rtcc_int1_callback  0x4               obj_zoul/rtcc.o
usb_setup_buffer    0x8               obj_zoul/usb-core.o
uip_ds6_if          0xf8              obj_zoul/uip-ds6.o
resolv_event_found  0x1               obj_zoul/resolv.o
uip_ds6_netif_addr_list_offset
                    0x1               obj_zoul/uip-ds6.o
uip_len             0x2               obj_zoul/uip6.o
errno               0x4               /usr/lib/gcc/arm-none-eabi/9.2.1/../../../arm-none-eabi/lib/thumb/v7-m/nofp/libc.a(lib_a-reent.o)
[...]
Memory Configuration

Name             Origin             Length             Attributes
FLASH_FW         0x0000000000202000 0x000000000007dfd4 xr
FLASH_CCA        0x000000000027ffd4 0x000000000000002c xr
NRSRAM           0x0000000020000000 0x0000000000004000 xrw
FRSRAM           0x0000000020004000 0x0000000000004000 xrw
*default*        0x0000000000000000 0xffffffffffffffff

Linker script and memory map

LOAD obj_zoul/startup-gcc.o
LOAD obj_zoul/mqtt.o
LOAD obj_zoul/contiki-main.o
LOAD obj_zoul/leds.o
LOAD obj_zoul/cc1200-zoul-arch.o
LOAD obj_zoul/adc-zoul.o
LOAD obj_zoul/button-sensor.o
LOAD obj_zoul/zoul-sensors.o
LOAD obj_zoul/board.o
LOAD obj_zoul/antenna-sw.o
LOAD obj_zoul/rtcc.o
LOAD obj_zoul/leds-res-arch.o
LOAD obj_zoul/power-mgmt.o
LOAD obj_zoul/soc.o
LOAD obj_zoul/clock.o
LOAD obj_zoul/rtimer-arch.o
LOAD obj_zoul/uart.o
LOAD obj_zoul/watchdog.o
LOAD obj_zoul/nvic.o
LOAD obj_zoul/cpu.o
LOAD obj_zoul/sys-ctrl.o
LOAD obj_zoul/gpio.o
LOAD obj_zoul/ioc.o
LOAD obj_zoul/spi.o
LOAD obj_zoul/adc.o
LOAD obj_zoul/crypto.o
LOAD obj_zoul/aes.o
LOAD obj_zoul/ecb.o
LOAD obj_zoul/cbc.o
LOAD obj_zoul/ctr.o
LOAD obj_zoul/cbc-mac.o
LOAD obj_zoul/gcm.o
LOAD obj_zoul/ccm.o
LOAD obj_zoul/sha256.o
LOAD obj_zoul/cc2538-aes-128.o
LOAD obj_zoul/cc2538-ccm-star.o
LOAD obj_zoul/cc2538-rf.o
LOAD obj_zoul/udma.o
LOAD obj_zoul/lpm.o
LOAD obj_zoul/pka.o
LOAD obj_zoul/bignum-driver.o
LOAD obj_zoul/ecc-driver.o
LOAD obj_zoul/ecc-algorithm.o
LOAD obj_zoul/ecc-curve.o
LOAD obj_zoul/dbg.o
LOAD obj_zoul/ieee-addr.o
LOAD obj_zoul/slip-arch.o
LOAD obj_zoul/slip.o
LOAD obj_zoul/i2c.o
LOAD obj_zoul/cc2538-temp-sensor.o
LOAD obj_zoul/vdd3-sensor.o
LOAD obj_zoul/cfs-coffee.o
LOAD obj_zoul/cfs-coffee-arch.o
LOAD obj_zoul/pwm.o
LOAD obj_zoul/dbg-printf.o
LOAD obj_zoul/dbg-snprintf.o
LOAD obj_zoul/dbg-sprintf.o
LOAD obj_zoul/strformat.o
LOAD obj_zoul/usb-core.o
LOAD obj_zoul/cdc-acm.o
LOAD obj_zoul/usb-arch.o
LOAD obj_zoul/usb-serial.o
LOAD obj_zoul/cdc-acm-descriptors.o
LOAD obj_zoul/stimer.o
LOAD obj_zoul/autostart.o
LOAD obj_zoul/energest.o
LOAD obj_zoul/etimer.o
LOAD obj_zoul/ctimer.o
LOAD obj_zoul/compower.o
LOAD obj_zoul/process.o
LOAD obj_zoul/rtimer.o
LOAD obj_zoul/mt.o
LOAD obj_zoul/procinit.o
LOAD obj_zoul/timer.o
LOAD obj_zoul/arg.o
LOAD obj_zoul/serial-line.o
LOAD obj_zoul/nullradio.o
LOAD obj_zoul/settings.o
LOAD obj_zoul/crc16.o
LOAD obj_zoul/ifft.o
LOAD obj_zoul/trickle-timer.o
LOAD obj_zoul/mmem.o
LOAD obj_zoul/me_tabs.o
LOAD obj_zoul/ccm-star.o
LOAD obj_zoul/me.o
LOAD obj_zoul/ringbufindex.o
LOAD obj_zoul/sensors.o
LOAD obj_zoul/list.o
LOAD obj_zoul/gcr.o
LOAD obj_zoul/aes-128.o
LOAD obj_zoul/memb.o
LOAD obj_zoul/print-stats.o
LOAD obj_zoul/petsciiconv.o
LOAD obj_zoul/random.o
LOAD obj_zoul/assert.o
LOAD obj_zoul/ringbuf.o
LOAD obj_zoul/uip-icmp6.o
LOAD obj_zoul/uip-ds6.o
LOAD obj_zoul/uip-ds6-route.o
LOAD obj_zoul/uip6.o
LOAD obj_zoul/uip-ds6-nbr.o
LOAD obj_zoul/uip-nd6.o
LOAD obj_zoul/sicslowpan.o
LOAD obj_zoul/slipdev.o
LOAD obj_zoul/dhcpc.o
LOAD obj_zoul/uip-packetqueue.o
LOAD obj_zoul/tcp-socket.o
LOAD obj_zoul/uip-debug.o
LOAD obj_zoul/ip64-addr.o
LOAD obj_zoul/uip-udp-packet.o
LOAD obj_zoul/psock.o
LOAD obj_zoul/tcpip.o
LOAD obj_zoul/resolv.o
LOAD obj_zoul/uip-nameserver.o
LOAD obj_zoul/uip-split.o
LOAD obj_zoul/udp-socket.o
LOAD obj_zoul/simple-udp.o
LOAD obj_zoul/uiplib.o
LOAD obj_zoul/rpl-nbr-policy.o
LOAD obj_zoul/rpl-of0.o
LOAD obj_zoul/rpl-timers.o
LOAD obj_zoul/rpl-ext-header.o
LOAD obj_zoul/rpl.o
LOAD obj_zoul/rpl-mrhof.o
LOAD obj_zoul/rpl-ns.o
LOAD obj_zoul/rpl-icmp6.o
LOAD obj_zoul/rpl-dag.o
LOAD obj_zoul/rpl-dag-root.o
LOAD obj_zoul/syscalls.o
LOAD obj_zoul/queuebuf.o
LOAD obj_zoul/nbr-table.o
LOAD obj_zoul/packetbuf.o
LOAD obj_zoul/netstack.o
LOAD obj_zoul/linkaddr.o
LOAD obj_zoul/net-debug.o
LOAD obj_zoul/link-stats.o
LOAD obj_zoul/nullmac.o
LOAD obj_zoul/nullrdc-noframer.o
LOAD obj_zoul/framer-nullmac.o
LOAD obj_zoul/nordc.o
LOAD obj_zoul/frame802154e-ie.o
LOAD obj_zoul/mac-sequence.o
LOAD obj_zoul/framer-802154.o
LOAD obj_zoul/csma.o
LOAD obj_zoul/frame802154.o
LOAD obj_zoul/mac.o
LOAD obj_zoul/phase.o
LOAD obj_zoul/nullrdc.o
LOAD obj_zoul/contikimac.o
LOAD obj_zoul/contikimac-framer.o
LOAD obj_zoul/nullsec.o
LOAD obj_zoul/anti-replay.o
LOAD obj_zoul/ccm-star-packetbuf.o
LOAD obj_zoul/noncoresec.o
LOAD obj_zoul/cc1200-868-fsk-1-2kbps.o
LOAD obj_zoul/cc1200-802154g-863-870-fsk-50kbps.o
LOAD obj_zoul/cc1200.o
LOAD mqtt_publisher.co
LOAD obj_zoul/slip-bridge.o
LOAD obj_zoul/zol25.o
LOAD obj_zoul/dht22.o
LOAD obj_zoul/adc-sensors.o
START GROUP
LOAD /usr/lib/gcc/arm-none-eabi/9.2.1/thumb/v7-m/nofp/libgcc.a
LOAD /usr/lib/gcc/arm-none-eabi/9.2.1/../../../arm-none-eabi/lib/thumb/v7-m/nofp/libc.a
END GROUP

.text           0x0000000000202000     0xda86
                0x0000000000202000                _text = .
 *(SORT_BY_ALIGNMENT(.vectors))
 .vectors       0x0000000000202000      0x28c obj_zoul/startup-gcc.o
                0x0000000000202000                vectors
 *(SORT_BY_ALIGNMENT(.text*))
 .text.reset_handler
                0x000000000020228c       0x40 obj_zoul/startup-gcc.o
                0x000000000020228c                reset_handler
 .text.call_event
                0x00000000002022cc       0x1c obj_zoul/mqtt.o
 .text.tcp_input
                0x00000000002022e8      0x310 obj_zoul/mqtt.o
 .text.keep_alive_callback
                0x00000000002025f8       0x44 obj_zoul/mqtt.o
 .text.connect_tcp
                0x000000000020263c       0x68 obj_zoul/mqtt.o
 .text.tcp_event
                0x00000000002026a4       0x94 obj_zoul/mqtt.o
 .text.mqtt_init
                0x0000000000202738       0xb4 obj_zoul/mqtt.o
                0x0000000000202738                mqtt_init
 .text.mqtt_register
                0x00000000002027ec       0x64 obj_zoul/mqtt.o
                0x00000000002027ec                mqtt_register
 .text.mqtt_connect
                0x0000000000202850       0x5c obj_zoul/mqtt.o
                0x0000000000202850                mqtt_connect
 .text.mqtt_disconnect
                0x00000000002028ac       0x24 obj_zoul/mqtt.o
                0x00000000002028ac                mqtt_disconnect
 .text.process_thread_mqtt_process
                0x00000000002028d0      0xfc4 obj_zoul/mqtt.o
 .text.mqtt_subscribe
                0x0000000000203894       0x60 obj_zoul/mqtt.o
                0x0000000000203894                mqtt_subscribe
 .text.mqtt_publish
                0x00000000002038f4       0x78 obj_zoul/mqtt.o
                0x00000000002038f4                mqtt_publish
 .text.startup.main
                0x000000000020396c      0x1bc obj_zoul/contiki-main.o
                0x000000000020396c                main
 .text.leds_init
                0x0000000000203b28       0x14 obj_zoul/leds.o
                0x0000000000203b28                leds_init
 .text.leds_on  0x0000000000203b3c       0x10 obj_zoul/leds.o
                0x0000000000203b3c                leds_on
 .text.leds_off
                0x0000000000203b4c       0x14 obj_zoul/leds.o
                0x0000000000203b4c                leds_off
 .text.leds_toggle
                0x0000000000203b60       0x10 obj_zoul/leds.o
                0x0000000000203b60                leds_toggle
 .text.value    0x0000000000203b70       0x38 obj_zoul/adc-zoul.o
 .text.configure
                0x0000000000203ba8       0x88 obj_zoul/adc-zoul.o
 .text.value    0x0000000000203c30       0x20 obj_zoul/button-sensor.o
 .text.duration_exceeded_callback
                0x0000000000203c50       0x3c obj_zoul/button-sensor.o
 .text.config_user
                0x0000000000203c8c       0xa0 obj_zoul/button-sensor.o
 .text.btn_callback
                0x0000000000203d2c       0x5c obj_zoul/button-sensor.o
 .text.antenna_sw_config
                0x0000000000203d88       0x30 obj_zoul/antenna-sw.o
                0x0000000000203d88                antenna_sw_config
 .text.leds_arch_init
                0x0000000000203db8       0x48 obj_zoul/leds-res-arch.o
                0x0000000000203db8                leds_arch_init
 .text.leds_arch_set
                0x0000000000203e00       0x38 obj_zoul/leds-res-arch.o
                0x0000000000203e00                leds_arch_set
 .text.soc_get_rev
                0x0000000000203e38       0x18 obj_zoul/soc.o
                0x0000000000203e38                soc_get_rev
 .text.soc_get_sram_size
                0x0000000000203e50       0x20 obj_zoul/soc.o
                0x0000000000203e50                soc_get_sram_size
 .text.soc_print_info
                0x0000000000203e70       0x70 obj_zoul/soc.o
                0x0000000000203e70                soc_print_info
 .text.update_ticks
                0x0000000000203ee0       0x54 obj_zoul/clock.o
 .text.clock_init
                0x0000000000203f34       0x50 obj_zoul/clock.o
                0x0000000000203f34                clock_init
 .text.clock_time
                0x0000000000203f84       0x14 obj_zoul/clock.o
                0x0000000000203f84                clock_time
 .text.clock_seconds
                0x0000000000203f98       0x14 obj_zoul/clock.o
                0x0000000000203f98                clock_seconds
 .text.clock_delay_usec
                0x0000000000203fac       0x1c obj_zoul/clock.o
                0x0000000000203fac                clock_delay_usec
 .text.clock_adjust
                0x0000000000203fc8       0x20 obj_zoul/clock.o
                0x0000000000203fc8                clock_adjust
 .text.rtimer_arch_next_trigger
                0x0000000000203fe8        0xc obj_zoul/rtimer-arch.o
                0x0000000000203fe8                rtimer_arch_next_trigger
 .text.rtimer_arch_now
                0x0000000000203ff4       0x24 obj_zoul/rtimer-arch.o
                0x0000000000203ff4                rtimer_arch_now
 .text.rtimer_arch_schedule
                0x0000000000204018       0x58 obj_zoul/rtimer-arch.o
                0x0000000000204018                rtimer_arch_schedule
 .text.rtimer_isr
                0x0000000000204070       0x24 obj_zoul/rtimer-arch.o
                0x0000000000204070                rtimer_isr
 .text.permit_pm1
                0x0000000000204094       0x24 obj_zoul/uart.o
 .text.uart_isr
                0x00000000002040b8       0x60 obj_zoul/uart.o
 .text.uart_init
                0x0000000000204118      0x18c obj_zoul/uart.o
                0x0000000000204118                uart_init
 .text.uart_set_input
                0x00000000002042a4       0x10 obj_zoul/uart.o
                0x00000000002042a4                uart_set_input
 .text.uart_write_byte
                0x00000000002042b4       0x1c obj_zoul/uart.o
                0x00000000002042b4                uart_write_byte
 .text.watchdog_init
                0x00000000002042d0        0xc obj_zoul/watchdog.o
                0x00000000002042d0                watchdog_init
 .text.watchdog_start
                0x00000000002042dc        0xc obj_zoul/watchdog.o
                0x00000000002042dc                watchdog_start
 .text.watchdog_periodic
                0x00000000002042e8       0x10 obj_zoul/watchdog.o
                0x00000000002042e8                watchdog_periodic
 .text.nvic_init
                0x00000000002042f8       0x3c obj_zoul/nvic.o
                0x00000000002042f8                nvic_init
 .text.nvic_interrupt_enable
                0x0000000000204334       0x1c obj_zoul/nvic.o
                0x0000000000204334                nvic_interrupt_enable
 .text.nvic_interrupt_disable
                0x0000000000204350       0x1c obj_zoul/nvic.o
                0x0000000000204350                nvic_interrupt_disable
 .text.nvic_interrupt_unpend
                0x000000000020436c       0x1c obj_zoul/nvic.o
                0x000000000020436c                nvic_interrupt_unpend
 .text.sys_ctrl_get_reset_cause
                0x0000000000204388       0x10 obj_zoul/sys-ctrl.o
                0x0000000000204388                sys_ctrl_get_reset_cause
 .text.sys_ctrl_get_reset_cause_str
                0x0000000000204398       0x14 obj_zoul/sys-ctrl.o
                0x0000000000204398                sys_ctrl_get_reset_cause_str
 .text.sys_ctrl_init
                0x00000000002043ac       0x74 obj_zoul/sys-ctrl.o
                0x00000000002043ac                sys_ctrl_init
 .text.sys_ctrl_get_sys_clock
                0x0000000000204420       0x18 obj_zoul/sys-ctrl.o
                0x0000000000204420                sys_ctrl_get_sys_clock
 .text.sys_ctrl_get_io_clock
                0x0000000000204438       0x18 obj_zoul/sys-ctrl.o
                0x0000000000204438                sys_ctrl_get_io_clock
 .text.gpio_register_callback
                0x0000000000204450       0x10 obj_zoul/gpio.o
                0x0000000000204450                gpio_register_callback
 .text.notify   0x0000000000204460       0x30 obj_zoul/gpio.o
                0x0000000000204460                notify
 .text.gpio_port_isr
                0x0000000000204490       0x4c obj_zoul/gpio.o
 .text.gpio_init
                0x00000000002044dc       0x10 obj_zoul/gpio.o
                0x00000000002044dc                gpio_init
 .text.ioc_init
                0x00000000002044ec       0x1c obj_zoul/ioc.o
                0x00000000002044ec                ioc_init
 .text.ioc_set_over
                0x0000000000204508       0x14 obj_zoul/ioc.o
                0x0000000000204508                ioc_set_over
 .text.ioc_set_sel
                0x000000000020451c       0x14 obj_zoul/ioc.o
                0x000000000020451c                ioc_set_sel
 .text.adc_init
                0x0000000000204530       0x10 obj_zoul/adc.o
                0x0000000000204530                adc_init
 .text.adc_get  0x0000000000204540       0x70 obj_zoul/adc.o
                0x0000000000204540                adc_get
 .text.permit_pm1
                0x00000000002045b0       0x10 obj_zoul/crypto.o
 .text.crypto_isr
                0x00000000002045c0       0x24 obj_zoul/crypto.o
                0x00000000002045c0                crypto_isr
 .text.crypto_enable
                0x00000000002045e4       0x20 obj_zoul/crypto.o
                0x00000000002045e4                crypto_enable
 .text.crypto_init
                0x0000000000204604       0x3c obj_zoul/crypto.o
                0x0000000000204604                crypto_init
 .text.crypto_disable
                0x0000000000204640       0x20 obj_zoul/crypto.o
                0x0000000000204640                crypto_disable
 .text.off      0x0000000000204660       0x40 obj_zoul/cc2538-rf.o
 .text.receiving_packet
                0x00000000002046a0       0x18 obj_zoul/cc2538-rf.o
 .text.pending_packet
                0x00000000002046b8       0x10 obj_zoul/cc2538-rf.o
 .text.on       0x00000000002046c8       0x2c obj_zoul/cc2538-rf.o
 .text.set_channel
                0x00000000002046f4       0x48 obj_zoul/cc2538-rf.o
 .text.get_value
                0x000000000020473c      0x160 obj_zoul/cc2538-rf.o
 .text.channel_clear
                0x000000000020489c       0x3c obj_zoul/cc2538-rf.o
 .text.prepare  0x00000000002048d8       0x64 obj_zoul/cc2538-rf.o
 .text.transmit
                0x000000000020493c       0x9c obj_zoul/cc2538-rf.o
 .text.set_object
                0x00000000002049d8       0x30 obj_zoul/cc2538-rf.o
 .text.read     0x0000000000204a08       0xe0 obj_zoul/cc2538-rf.o
 .text.set_poll_mode
                0x0000000000204ae8       0x8c obj_zoul/cc2538-rf.o
 .text.set_value
                0x0000000000204b74       0xf0 obj_zoul/cc2538-rf.o
 .text.init     0x0000000000204c64       0xc4 obj_zoul/cc2538-rf.o
 .text.process_thread_cc2538_rf_process
                0x0000000000204d28       0x90 obj_zoul/cc2538-rf.o
 .text.get_object
                0x0000000000204db8      0x130 obj_zoul/cc2538-rf.o
 .text.cc2538_rf_rx_tx_isr
                0x0000000000204ee8       0x24 obj_zoul/cc2538-rf.o
                0x0000000000204ee8                cc2538_rf_rx_tx_isr
 .text.cc2538_rf_err_isr
                0x0000000000204f0c       0x28 obj_zoul/cc2538-rf.o
                0x0000000000204f0c                cc2538_rf_err_isr
 .text.udma_init
                0x0000000000204f34       0x30 obj_zoul/udma.o
                0x0000000000204f34                udma_init
 .text.udma_set_channel_src
                0x0000000000204f64       0x10 obj_zoul/udma.o
                0x0000000000204f64                udma_set_channel_src
 .text.udma_set_channel_dst
                0x0000000000204f74       0x14 obj_zoul/udma.o
                0x0000000000204f74                udma_set_channel_dst
 .text.udma_set_channel_control_word
                0x0000000000204f88       0x14 obj_zoul/udma.o
                0x0000000000204f88                udma_set_channel_control_word
 .text.udma_channel_enable
                0x0000000000204f9c       0x18 obj_zoul/udma.o
                0x0000000000204f9c                udma_channel_enable
 .text.udma_channel_mask_set
                0x0000000000204fb4       0x18 obj_zoul/udma.o
                0x0000000000204fb4                udma_channel_mask_set
 .text.udma_channel_sw_request
                0x0000000000204fcc       0x18 obj_zoul/udma.o
                0x0000000000204fcc                udma_channel_sw_request
 .text.udma_channel_get_mode
                0x0000000000204fe4       0x1c obj_zoul/udma.o
                0x0000000000204fe4                udma_channel_get_mode
 .text.udma_isr
                0x0000000000205000       0x10 obj_zoul/udma.o
                0x0000000000205000                udma_isr
 .text.udma_err_isr
                0x0000000000205010        0xc obj_zoul/udma.o
                0x0000000000205010                udma_err_isr
 .text.select_32_mhz_xosc
                0x000000000020501c       0x2c obj_zoul/lpm.o
 .text.lpm_exit
                0x0000000000205048       0x30 obj_zoul/lpm.o
                0x0000000000205048                lpm_exit
 .text.lpm_enter
                0x0000000000205078       0xb4 obj_zoul/lpm.o
                0x0000000000205078                lpm_enter
 .text.lpm_register_peripheral
                0x000000000020512c       0x24 obj_zoul/lpm.o
                0x000000000020512c                lpm_register_peripheral
 .text.lpm_init
                0x0000000000205150       0x24 obj_zoul/lpm.o
                0x0000000000205150                lpm_init
 .text.pka_isr  0x0000000000205174       0x24 obj_zoul/pka.o
                0x0000000000205174                pka_isr
 .text.putchar  0x0000000000205198       0x40 obj_zoul/dbg.o
                0x0000000000205198                putchar
 .text.ieee_addr_cpy_to
                0x00000000002051d8       0x74 obj_zoul/ieee-addr.o
                0x00000000002051d8                ieee_addr_cpy_to
 .text.slip_arch_init
                0x000000000020524c        0xc obj_zoul/slip-arch.o
                0x000000000020524c                slip_arch_init
 .text.process_thread_slip_process
                0x0000000000205258      0x254 obj_zoul/slip.o
 .text.slip_set_input_callback
                0x00000000002054ac        0xc obj_zoul/slip.o
                0x00000000002054ac                slip_set_input_callback
 .text.slip_send
                0x00000000002054b8       0x58 obj_zoul/slip.o
                0x00000000002054b8                slip_send
 .text.slip_input_byte
                0x0000000000205510       0xac obj_zoul/slip.o
                0x0000000000205510                slip_input_byte
 .text.printf   0x00000000002055bc       0x20 obj_zoul/dbg-printf.o
                0x00000000002055bc                printf
 .text.vsnprintf
                0x00000000002055dc       0x28 obj_zoul/dbg-snprintf.o
                0x00000000002055dc                vsnprintf
 .text.fill_space
                0x0000000000205604       0x34 obj_zoul/strformat.o
 .text.format_str_v
                0x0000000000205638      0x764 obj_zoul/strformat.o
                0x0000000000205638                format_str_v
 .text.update_time
                0x0000000000205d9c       0x40 obj_zoul/etimer.o
 .text.etimer_request_poll
                0x0000000000205ddc        0xc obj_zoul/etimer.o
                0x0000000000205ddc                etimer_request_poll
 .text.process_thread_etimer_process
                0x0000000000205de8       0xac obj_zoul/etimer.o
 .text.add_timer
                0x0000000000205e94       0x40 obj_zoul/etimer.o
 .text.etimer_pending
                0x0000000000205ed4       0x10 obj_zoul/etimer.o
                0x0000000000205ed4                etimer_pending
 .text.etimer_stop
                0x0000000000205ee4       0x34 obj_zoul/etimer.o
                0x0000000000205ee4                etimer_stop
 .text.process_thread_ctimer_process
                0x0000000000205f18       0x7c obj_zoul/ctimer.o
 .text.ctimer_init
                0x0000000000205f94       0x28 obj_zoul/ctimer.o
                0x0000000000205f94                ctimer_init
 .text.ctimer_set_with_process
                0x0000000000205fbc       0x44 obj_zoul/ctimer.o
                0x0000000000205fbc                ctimer_set_with_process
 .text.ctimer_set
                0x0000000000206000       0x14 obj_zoul/ctimer.o
                0x0000000000206000                ctimer_set
 .text.ctimer_reset
                0x0000000000206014       0x38 obj_zoul/ctimer.o
                0x0000000000206014                ctimer_reset
 .text.ctimer_restart
                0x000000000020604c       0x38 obj_zoul/ctimer.o
                0x000000000020604c                ctimer_restart
 .text.ctimer_stop
                0x0000000000206084       0x2c obj_zoul/ctimer.o
                0x0000000000206084                ctimer_stop
 .text.call_process.part.0
                0x00000000002060b0       0x38 obj_zoul/process.o
 .text.exit_process
                0x00000000002060e8       0x80 obj_zoul/process.o
 .text.do_poll  0x0000000000206168       0x30 obj_zoul/process.o
 .text.process_alloc_event
                0x0000000000206198       0x10 obj_zoul/process.o
                0x0000000000206198                process_alloc_event
 .text.process_init
                0x00000000002061a8       0x30 obj_zoul/process.o
                0x00000000002061a8                process_init
 .text.process_run
                0x00000000002061d8       0x84 obj_zoul/process.o
                0x00000000002061d8                process_run
 .text.process_nevents
                0x000000000020625c       0x14 obj_zoul/process.o
                0x000000000020625c                process_nevents
 .text.process_post
                0x0000000000206270       0x3c obj_zoul/process.o
                0x0000000000206270                process_post
 .text.process_post_synch
                0x00000000002062ac       0x14 obj_zoul/process.o
                0x00000000002062ac                process_post_synch
 .text.process_start
                0x00000000002062c0       0x30 obj_zoul/process.o
                0x00000000002062c0                process_start
 .text.process_poll
                0x00000000002062f0       0x18 obj_zoul/process.o
                0x00000000002062f0                process_poll
 .text.rtimer_run_next
                0x0000000000206308       0x28 obj_zoul/rtimer.o
                0x0000000000206308                rtimer_run_next
 .text.process_thread_serial_line_process
                0x0000000000206330       0x98 obj_zoul/serial-line.o
 .text.serial_line_input_byte
                0x00000000002063c8       0x48 obj_zoul/serial-line.o
                0x00000000002063c8                serial_line_input_byte
 .text.serial_line_init
                0x0000000000206410       0x24 obj_zoul/serial-line.o
                0x0000000000206410                serial_line_init
 .text.process_thread_sensors_process
                0x0000000000206434       0xd4 obj_zoul/sensors.o
 .text.sensors_changed
                0x0000000000206508       0x3c obj_zoul/sensors.o
                0x0000000000206508                sensors_changed
 .text.random_rand
                0x0000000000206544       0x24 obj_zoul/random.o
                0x0000000000206544                random_rand
 .text.random_init
                0x0000000000206568       0x78 obj_zoul/random.o
                0x0000000000206568                random_init
 .text.echo_reply_input
                0x00000000002065e0       0xa0 obj_zoul/uip-icmp6.o
 .text.echo_request_input
                0x0000000000206680       0xd0 obj_zoul/uip-icmp6.o
 .text.uip_icmp6_input
                0x0000000000206750       0x38 obj_zoul/uip-icmp6.o
                0x0000000000206750                uip_icmp6_input
 .text.uip_icmp6_register_input_handler
                0x0000000000206788        0xc obj_zoul/uip-icmp6.o
                0x0000000000206788                uip_icmp6_register_input_handler
 .text.uip_icmp6_error_output
                0x0000000000206794      0x148 obj_zoul/uip-icmp6.o
                0x0000000000206794                uip_icmp6_error_output
 .text.uip_icmp6_send
                0x00000000002068dc       0x8c obj_zoul/uip-icmp6.o
                0x00000000002068dc                uip_icmp6_send
 .text.uip_icmp6_init
                0x0000000000206968       0x1c obj_zoul/uip-icmp6.o
                0x0000000000206968                uip_icmp6_init
 .text.uip_ds6_prefix_add
                0x0000000000206984       0x60 obj_zoul/uip-ds6.o
                0x0000000000206984                uip_ds6_prefix_add
 .text.uip_ds6_is_addr_onlink
                0x00000000002069e4       0x3c obj_zoul/uip-ds6.o
                0x00000000002069e4                uip_ds6_is_addr_onlink
 .text.uip_ds6_addr_lookup
                0x0000000000206a20       0x2c obj_zoul/uip-ds6.o
                0x0000000000206a20                uip_ds6_addr_lookup
 .text.uip_ds6_get_link_local
                0x0000000000206a4c       0x3c obj_zoul/uip-ds6.o
                0x0000000000206a4c                uip_ds6_get_link_local
 .text.uip_ds6_get_global
                0x0000000000206a88       0x3c obj_zoul/uip-ds6.o
                0x0000000000206a88                uip_ds6_get_global
 .text.uip_ds6_maddr_add
                0x0000000000206ac4       0x4c obj_zoul/uip-ds6.o
                0x0000000000206ac4                uip_ds6_maddr_add
 .text.uip_ds6_addr_add
                0x0000000000206b10       0x98 obj_zoul/uip-ds6.o
                0x0000000000206b10                uip_ds6_addr_add
 .text.uip_ds6_maddr_lookup
                0x0000000000206ba8       0x2c obj_zoul/uip-ds6.o
                0x0000000000206ba8                uip_ds6_maddr_lookup
 .text.uip_ds6_addr_rm
                0x0000000000206bd4       0x44 obj_zoul/uip-ds6.o
                0x0000000000206bd4                uip_ds6_addr_rm
 .text.uip_ds6_periodic
                0x0000000000206c18       0x48 obj_zoul/uip-ds6.o
                0x0000000000206c18                uip_ds6_periodic
 .text.uip_ds6_select_src
                0x0000000000206c60       0x90 obj_zoul/uip-ds6.o
                0x0000000000206c60                uip_ds6_select_src
 .text.uip_ds6_compute_reachable_time
                0x0000000000206cf0       0x2c obj_zoul/uip-ds6.o
                0x0000000000206cf0                uip_ds6_compute_reachable_time
 .text.uip_ds6_init
                0x0000000000206d1c       0xe4 obj_zoul/uip-ds6.o
                0x0000000000206d1c                uip_ds6_init
 .text.call_route_callback
                0x0000000000206e00       0x54 obj_zoul/uip-ds6-route.o
 .text.uip_ds6_route_init
                0x0000000000206e54       0x4c obj_zoul/uip-ds6-route.o
                0x0000000000206e54                uip_ds6_route_init
 .text.uip_ds6_route_nexthop
                0x0000000000206ea0       0x1c obj_zoul/uip-ds6-route.o
                0x0000000000206ea0                uip_ds6_route_nexthop
 .text.uip_ds6_route_head
                0x0000000000206ebc        0xc obj_zoul/uip-ds6-route.o
                0x0000000000206ebc                uip_ds6_route_head
 .text.uip_ds6_route_is_nexthop
                0x0000000000206ec8       0x20 obj_zoul/uip-ds6-route.o
                0x0000000000206ec8                uip_ds6_route_is_nexthop
 .text.uip_ds6_route_lookup
                0x0000000000206ee8       0x64 obj_zoul/uip-ds6-route.o
                0x0000000000206ee8                uip_ds6_route_lookup
 .text.uip_ds6_route_rm
                0x0000000000206f4c       0xa0 obj_zoul/uip-ds6-route.o
                0x0000000000206f4c                uip_ds6_route_rm
 .text.rm_routelist
                0x0000000000206fec       0x30 obj_zoul/uip-ds6-route.o
 .text.uip_ds6_route_add
                0x000000000020701c      0x108 obj_zoul/uip-ds6-route.o
                0x000000000020701c                uip_ds6_route_add
 .text.uip_ds6_defrt_rm
                0x0000000000207124       0x44 obj_zoul/uip-ds6-route.o
                0x0000000000207124                uip_ds6_defrt_rm
 .text.uip_ds6_defrt_lookup
                0x0000000000207168       0x2c obj_zoul/uip-ds6-route.o
                0x0000000000207168                uip_ds6_defrt_lookup
 .text.uip_ds6_defrt_add
                0x0000000000207194       0x64 obj_zoul/uip-ds6-route.o
                0x0000000000207194                uip_ds6_defrt_add
 .text.uip_ds6_defrt_choose
                0x00000000002071f8       0x30 obj_zoul/uip-ds6-route.o
                0x00000000002071f8                uip_ds6_defrt_choose
 .text.uip_ds6_defrt_periodic
                0x0000000000207228       0x3c obj_zoul/uip-ds6-route.o
                0x0000000000207228                uip_ds6_defrt_periodic
 .text.upper_layer_chksum
                0x0000000000207264       0x54 obj_zoul/uip6.o
 .text.ext_hdr_options_process
                0x00000000002072b8       0xbc obj_zoul/uip6.o
 .text.uip_add32
                0x0000000000207374       0x54 obj_zoul/uip6.o
                0x0000000000207374                uip_add32
 .text.uip_add_rcv_nxt
                0x00000000002073c8       0x2c obj_zoul/uip6.o
 .text.uip_init
                0x00000000002073f4       0x60 obj_zoul/uip6.o
                0x00000000002073f4                uip_init
 .text.uip_connect
                0x0000000000207454       0xcc obj_zoul/uip6.o
                0x0000000000207454                uip_connect
 .text.remove_ext_hdr
                0x0000000000207520       0x50 obj_zoul/uip6.o
                0x0000000000207520                remove_ext_hdr
 .text.uip_udp_new
                0x0000000000207570       0x98 obj_zoul/uip6.o
                0x0000000000207570                uip_udp_new
 .text.uip_unlisten
                0x0000000000207608       0x24 obj_zoul/uip6.o
                0x0000000000207608                uip_unlisten
 .text.uip_process
                0x000000000020762c      0xc9c obj_zoul/uip6.o
                0x000000000020762c                uip_process
 .text.uip_htonl
                0x00000000002082c8       0x1c obj_zoul/uip6.o
                0x00000000002082c8                uip_htonl
 .text.uip_send
                0x00000000002082e4       0x44 obj_zoul/uip6.o
                0x00000000002082e4                uip_send
 .text.uip_ds6_nbr_rm
                0x0000000000208328       0x20 obj_zoul/uip-ds6-nbr.o
                0x0000000000208328                uip_ds6_nbr_rm
 .text.uip_ds6_neighbors_init
                0x0000000000208348       0x1c obj_zoul/uip-ds6-nbr.o
                0x0000000000208348                uip_ds6_neighbors_init
 .text.uip_ds6_nbr_add
                0x0000000000208364       0x3c obj_zoul/uip-ds6-nbr.o
                0x0000000000208364                uip_ds6_nbr_add
 .text.uip_ds6_nbr_get_ll
                0x00000000002083a0       0x10 obj_zoul/uip-ds6-nbr.o
                0x00000000002083a0                uip_ds6_nbr_get_ll
 .text.uip_ds6_nbr_lookup
                0x00000000002083b0       0x38 obj_zoul/uip-ds6-nbr.o
                0x00000000002083b0                uip_ds6_nbr_lookup
 .text.uip_ds6_nbr_ll_lookup
                0x00000000002083e8       0x10 obj_zoul/uip-ds6-nbr.o
                0x00000000002083e8                uip_ds6_nbr_ll_lookup
 .text.uip_ds6_link_neighbor_callback
                0x00000000002083f8       0x34 obj_zoul/uip-ds6-nbr.o
                0x00000000002083f8                uip_ds6_link_neighbor_callback
 .text.clear_fragments
                0x000000000020842c       0x38 obj_zoul/sicslowpan.o
 .text.sicslowpan_init
                0x0000000000208464       0x24 obj_zoul/sicslowpan.o
                0x0000000000208464                sicslowpan_init
 .text.compress_addr_64
                0x0000000000208488       0x90 obj_zoul/sicslowpan.o
 .text.set_packet_attrs
                0x0000000000208518       0x40 obj_zoul/sicslowpan.o
 .text.addr_context_lookup_by_prefix
                0x0000000000208558       0x28 obj_zoul/sicslowpan.o
 .text.send_packet
                0x0000000000208580       0x24 obj_zoul/sicslowpan.o
 .text.packet_sent
                0x00000000002085a4       0x28 obj_zoul/sicslowpan.o
 .text.store_fragment
                0x00000000002085cc       0x68 obj_zoul/sicslowpan.o
 .text.uncompress_addr
                0x0000000000208634       0x7c obj_zoul/sicslowpan.o
 .text.output   0x00000000002086b0      0x6d4 obj_zoul/sicslowpan.o
 .text.add_fragment
                0x0000000000208d84      0x14c obj_zoul/sicslowpan.o
 .text.input    0x0000000000208ed0      0x574 obj_zoul/sicslowpan.o
 .text.newdata  0x0000000000209444       0x60 obj_zoul/tcp-socket.o
 .text.senddata
                0x00000000002094a4       0x28 obj_zoul/tcp-socket.o
 .text.process_thread_tcp_socket_process
                0x00000000002094cc      0x1cc obj_zoul/tcp-socket.o
 .text.tcp_socket_register
                0x0000000000209698       0x70 obj_zoul/tcp-socket.o
                0x0000000000209698                tcp_socket_register
 .text.tcp_socket_connect
                0x0000000000209708       0x50 obj_zoul/tcp-socket.o
                0x0000000000209708                tcp_socket_connect
 .text.tcp_socket_unlisten
                0x0000000000209758       0x3c obj_zoul/tcp-socket.o
                0x0000000000209758                tcp_socket_unlisten
 .text.tcp_socket_unregister
                0x0000000000209794       0x2c obj_zoul/tcp-socket.o
                0x0000000000209794                tcp_socket_unregister
 .text.uip_debug_ipaddr_print
                0x00000000002097c0       0xb0 obj_zoul/uip-debug.o
                0x00000000002097c0                uip_debug_ipaddr_print
 .text.start_periodic_tcp_timer
                0x0000000000209870       0x1c obj_zoul/tcpip.o
 .text.tcpip_output
                0x000000000020988c       0x10 obj_zoul/tcpip.o
                0x000000000020988c                tcpip_output
 .text.tcpip_set_outputfunc
                0x000000000020989c        0xc obj_zoul/tcpip.o
                0x000000000020989c                tcpip_set_outputfunc
 .text.tcp_unlisten
                0x00000000002098a8       0x38 obj_zoul/tcpip.o
                0x00000000002098a8                tcp_unlisten
 .text.tcp_attach
                0x00000000002098e0       0x10 obj_zoul/tcpip.o
                0x00000000002098e0                tcp_attach
 .text.udp_new  0x00000000002098f0       0x18 obj_zoul/tcpip.o
                0x00000000002098f0                udp_new
 .text.tcpip_icmp6_call
                0x0000000000209908       0x28 obj_zoul/tcpip.o
                0x0000000000209908                tcpip_icmp6_call
 .text.tcpip_input
                0x0000000000209930       0x24 obj_zoul/tcpip.o
                0x0000000000209930                tcpip_input
 .text.tcpip_ipv6_output
                0x0000000000209954       0xec obj_zoul/tcpip.o
                0x0000000000209954                tcpip_ipv6_output
 .text.process_thread_tcpip_process
                0x0000000000209a40      0x1b4 obj_zoul/tcpip.o
 .text.tcpip_poll_tcp
                0x0000000000209bf4       0x10 obj_zoul/tcpip.o
                0x0000000000209bf4                tcpip_poll_tcp
 .text.tcp_connect
                0x0000000000209c04       0x20 obj_zoul/tcpip.o
                0x0000000000209c04                tcp_connect
 .text.tcpip_uipcall
                0x0000000000209c24       0x6c obj_zoul/tcpip.o
                0x0000000000209c24                tcpip_uipcall
 .text.process_thread_simple_udp_process
                0x0000000000209c90       0xac obj_zoul/simple-udp.o
 .text.simple_udp_register
                0x0000000000209d3c       0x88 obj_zoul/simple-udp.o
                0x0000000000209d3c                simple_udp_register
 .text.update_nbr
                0x0000000000209dc4       0xe8 obj_zoul/rpl-nbr-policy.o
 .text.handle_periodic_timer
                0x0000000000209eac       0x14 obj_zoul/rpl-nbr-policy.o
 .text.find_removable_dis
                0x0000000000209ec0       0x20 obj_zoul/rpl-nbr-policy.o
                0x0000000000209ec0                find_removable_dis
 .text.find_removable_dio
                0x0000000000209ee0       0x3c obj_zoul/rpl-nbr-policy.o
                0x0000000000209ee0                find_removable_dio
 .text.find_removable_dao
                0x0000000000209f1c       0x38 obj_zoul/rpl-nbr-policy.o
                0x0000000000209f1c                find_removable_dao
 .text.rpl_nbr_policy_find_removable
                0x0000000000209f54       0x28 obj_zoul/rpl-nbr-policy.o
                0x0000000000209f54                rpl_nbr_policy_find_removable
 .text.new_dio_interval
                0x0000000000209f7c       0x5c obj_zoul/rpl-timers.o
 .text.handle_periodic_timer
                0x0000000000209fd8       0x4c obj_zoul/rpl-timers.o
 .text.set_dao_lifetime_timer
                0x000000000020a024       0x4c obj_zoul/rpl-timers.o
 .text.handle_dio_timer
                0x000000000020a070       0x80 obj_zoul/rpl-timers.o
 .text.schedule_dao
                0x000000000020a0f0       0x50 obj_zoul/rpl-timers.o
 .text.handle_dao_timer
                0x000000000020a140       0x58 obj_zoul/rpl-timers.o
 .text.rpl_reset_periodic_timer
                0x000000000020a198       0x34 obj_zoul/rpl-timers.o
                0x000000000020a198                rpl_reset_periodic_timer
 .text.rpl_schedule_unicast_dio_immediately
                0x000000000020a1cc       0x14 obj_zoul/rpl-timers.o
                0x000000000020a1cc                rpl_schedule_unicast_dio_immediately
 .text.get_probing_target
                0x000000000020a1e0       0xb8 obj_zoul/rpl-timers.o
                0x000000000020a1e0                get_probing_target
 .text.rpl_schedule_probing
                0x000000000020a298       0x20 obj_zoul/rpl-timers.o
                0x000000000020a298                rpl_schedule_probing
 .text.update_hbh_header
                0x000000000020a2b8       0xc8 obj_zoul/rpl-ext-header.o
 .text.insert_hbh_header
                0x000000000020a380       0x9c obj_zoul/rpl-ext-header.o
 .text.rpl_verify_hbh_header
                0x000000000020a41c       0xfc obj_zoul/rpl-ext-header.o
                0x000000000020a41c                rpl_verify_hbh_header
 .text.rpl_remove_header
                0x000000000020a518       0x74 obj_zoul/rpl-ext-header.o
                0x000000000020a518                rpl_remove_header
 .text.rpl_update_header
                0x000000000020a58c       0x64 obj_zoul/rpl-ext-header.o
                0x000000000020a58c                rpl_update_header
 .text.rpl_get_mode
                0x000000000020a5f0        0xc obj_zoul/rpl.o
                0x000000000020a5f0                rpl_get_mode
 .text.rpl_purge_routes
                0x000000000020a5fc       0x68 obj_zoul/rpl.o
                0x000000000020a5fc                rpl_purge_routes
 .text.rpl_link_neighbor_callback
                0x000000000020a664       0x3c obj_zoul/rpl.o
                0x000000000020a664                rpl_link_neighbor_callback
 .text.rpl_ipv6_neighbor_callback
                0x000000000020a6a0       0x28 obj_zoul/rpl.o
                0x000000000020a6a0                rpl_ipv6_neighbor_callback
 .text.rpl_purge_dags
                0x000000000020a6c8       0x58 obj_zoul/rpl.o
                0x000000000020a6c8                rpl_purge_dags
 .text.rpl_init
                0x000000000020a720       0x34 obj_zoul/rpl.o
                0x000000000020a720                rpl_init
 .text.dao_ack_input
                0x000000000020a754       0x14 obj_zoul/rpl-icmp6.o
 .text.dio_input
                0x000000000020a768      0x238 obj_zoul/rpl-icmp6.o
 .text.dao_input
                0x000000000020a9a0      0x25c obj_zoul/rpl-icmp6.o
 .text.dis_output
                0x000000000020abfc       0x3c obj_zoul/rpl-icmp6.o
                0x000000000020abfc                dis_output
 .text.dio_output
                0x000000000020ac38      0x1f4 obj_zoul/rpl-icmp6.o
                0x000000000020ac38                dio_output
 .text.dis_input
                0x000000000020ae2c       0x50 obj_zoul/rpl-icmp6.o
 .text.dao_output_target
                0x000000000020ae7c      0x100 obj_zoul/rpl-icmp6.o
                0x000000000020ae7c                dao_output_target
 .text.dao_output
                0x000000000020af7c       0x94 obj_zoul/rpl-icmp6.o
                0x000000000020af7c                dao_output
 .text.rpl_icmp6_register_handlers
                0x000000000020b010       0x30 obj_zoul/rpl-icmp6.o
                0x000000000020b010                rpl_icmp6_register_handlers
 .text.rpl_set_preferred_parent
                0x000000000020b040       0x28 obj_zoul/rpl-dag.o
 .text.set_ip_from_prefix
                0x000000000020b068       0x2c obj_zoul/rpl-dag.o
 .text.find_parent_any_dag_any_instance
                0x000000000020b094       0x1c obj_zoul/rpl-dag.o
 .text.rpl_dag_init
                0x000000000020b0b0       0x14 obj_zoul/rpl-dag.o
                0x000000000020b0b0                rpl_dag_init
 .text.rpl_get_parent
                0x000000000020b0c4       0x10 obj_zoul/rpl-dag.o
                0x000000000020b0c4                rpl_get_parent
 .text.rpl_get_parent_lladdr
                0x000000000020b0d4       0x10 obj_zoul/rpl-dag.o
                0x000000000020b0d4                rpl_get_parent_lladdr
 .text.best_parent
                0x000000000020b0e4       0x74 obj_zoul/rpl-dag.o
 .text.rpl_alloc_instance
                0x000000000020b158       0x38 obj_zoul/rpl-dag.o
                0x000000000020b158                rpl_alloc_instance
 .text.rpl_add_parent
                0x000000000020b190       0x30 obj_zoul/rpl-dag.o
                0x000000000020b190                rpl_add_parent
 .text.rpl_remove_parent
                0x000000000020b1c0       0x1c obj_zoul/rpl-dag.o
                0x000000000020b1c0                rpl_remove_parent
 .text.remove_parents.constprop.0
                0x000000000020b1dc       0x2c obj_zoul/rpl-dag.o
 .text.rpl_get_any_dag
                0x000000000020b208       0x18 obj_zoul/rpl-dag.o
                0x000000000020b208                rpl_get_any_dag
 .text.rpl_get_instance
                0x000000000020b220       0x1c obj_zoul/rpl-dag.o
                0x000000000020b220                rpl_get_instance
 .text.rpl_find_of
                0x000000000020b23c       0x14 obj_zoul/rpl-dag.o
                0x000000000020b23c                rpl_find_of
 .text.rpl_set_root
                0x000000000020b250      0x104 obj_zoul/rpl-dag.o
                0x000000000020b250                rpl_set_root
 .text.rpl_join_instance
                0x000000000020b354      0x130 obj_zoul/rpl-dag.o
                0x000000000020b354                rpl_join_instance
 .text.rpl_local_repair
                0x000000000020b484       0x70 obj_zoul/rpl-dag.o
                0x000000000020b484                rpl_local_repair
 .text.rpl_recalculate_ranks
                0x000000000020b4f4       0x3c obj_zoul/rpl-dag.o
                0x000000000020b4f4                rpl_recalculate_ranks
 .text.queuebuf_init
                0x000000000020b530       0x1c obj_zoul/queuebuf.o
                0x000000000020b530                queuebuf_init
 .text.queuebuf_numfree
                0x000000000020b54c        0xc obj_zoul/queuebuf.o
                0x000000000020b54c                queuebuf_numfree
 .text.queuebuf_new_from_packetbuf
                0x000000000020b558       0x44 obj_zoul/queuebuf.o
                0x000000000020b558                queuebuf_new_from_packetbuf
 .text.queuebuf_free
                0x000000000020b59c       0x2c obj_zoul/queuebuf.o
                0x000000000020b59c                queuebuf_free
 .text.queuebuf_to_packetbuf
                0x000000000020b5c8       0x30 obj_zoul/queuebuf.o
                0x000000000020b5c8                queuebuf_to_packetbuf
 .text.key_from_index
                0x000000000020b5f8       0x18 obj_zoul/nbr-table.o
 .text.index_from_key
                0x000000000020b610       0x20 obj_zoul/nbr-table.o
 .text.index_from_lladdr
                0x000000000020b630       0x40 obj_zoul/nbr-table.o
 .text.nbr_get_bit.constprop.0
                0x000000000020b670       0x24 obj_zoul/nbr-table.o
 .text.remove_key
                0x000000000020b694       0x64 obj_zoul/nbr-table.o
 .text.nbr_table_register
                0x000000000020b6f8       0x28 obj_zoul/nbr-table.o
                0x000000000020b6f8                nbr_table_register
 .text.nbr_table_head
                0x000000000020b720       0x38 obj_zoul/nbr-table.o
                0x000000000020b720                nbr_table_head
 .text.nbr_table_add_lladdr
                0x000000000020b758       0xf8 obj_zoul/nbr-table.o
                0x000000000020b758                nbr_table_add_lladdr
 .text.nbr_table_remove
                0x000000000020b850       0x2c obj_zoul/nbr-table.o
                0x000000000020b850                nbr_table_remove
 .text.nbr_table_lock
                0x000000000020b87c       0x10 obj_zoul/nbr-table.o
                0x000000000020b87c                nbr_table_lock
 .text.nbr_table_unlock
                0x000000000020b88c       0x10 obj_zoul/nbr-table.o
                0x000000000020b88c                nbr_table_unlock
 .text.packetbuf_hdrreduce
                0x000000000020b89c       0x28 obj_zoul/packetbuf.o
                0x000000000020b89c                packetbuf_hdrreduce
 .text.packetbuf_set_datalen
                0x000000000020b8c4        0xc obj_zoul/packetbuf.o
                0x000000000020b8c4                packetbuf_set_datalen
 .text.packetbuf_hdrptr
                0x000000000020b8d0        0x8 obj_zoul/packetbuf.o
                0x000000000020b8d0                packetbuf_hdrptr
 .text.packetbuf_datalen
                0x000000000020b8d8        0xc obj_zoul/packetbuf.o
                0x000000000020b8d8                packetbuf_datalen
 .text.packetbuf_hdrlen
                0x000000000020b8e4       0x18 obj_zoul/packetbuf.o
                0x000000000020b8e4                packetbuf_hdrlen
 .text.packetbuf_dataptr
                0x000000000020b8fc       0x10 obj_zoul/packetbuf.o
                0x000000000020b8fc                packetbuf_dataptr
 .text.packetbuf_copyto
                0x000000000020b90c       0x40 obj_zoul/packetbuf.o
                0x000000000020b90c                packetbuf_copyto
 .text.packetbuf_totlen
                0x000000000020b94c       0x14 obj_zoul/packetbuf.o
                0x000000000020b94c                packetbuf_totlen
 .text.packetbuf_hdralloc
                0x000000000020b960       0x40 obj_zoul/packetbuf.o
                0x000000000020b960                packetbuf_hdralloc
 .text.packetbuf_attr_clear
                0x000000000020b9a0       0x34 obj_zoul/packetbuf.o
                0x000000000020b9a0                packetbuf_attr_clear
 .text.packetbuf_clear
                0x000000000020b9d4       0x20 obj_zoul/packetbuf.o
                0x000000000020b9d4                packetbuf_clear
 .text.packetbuf_copyfrom
                0x000000000020b9f4       0x2c obj_zoul/packetbuf.o
                0x000000000020b9f4                packetbuf_copyfrom
 .text.packetbuf_attr_copyto
                0x000000000020ba20       0x34 obj_zoul/packetbuf.o
                0x000000000020ba20                packetbuf_attr_copyto
 .text.packetbuf_attr_copyfrom
                0x000000000020ba54       0x34 obj_zoul/packetbuf.o
                0x000000000020ba54                packetbuf_attr_copyfrom
 .text.packetbuf_set_attr
                0x000000000020ba88       0x10 obj_zoul/packetbuf.o
                0x000000000020ba88                packetbuf_set_attr
 .text.packetbuf_attr
                0x000000000020ba98        0xc obj_zoul/packetbuf.o
                0x000000000020ba98                packetbuf_attr
 .text.packetbuf_set_addr
                0x000000000020baa4       0x18 obj_zoul/packetbuf.o
                0x000000000020baa4                packetbuf_set_addr
 .text.packetbuf_addr
                0x000000000020babc       0x10 obj_zoul/packetbuf.o
                0x000000000020babc                packetbuf_addr
 .text.packetbuf_holds_broadcast
                0x000000000020bacc       0x10 obj_zoul/packetbuf.o
                0x000000000020bacc                packetbuf_holds_broadcast
 .text.netstack_init
                0x000000000020badc       0x38 obj_zoul/netstack.o
                0x000000000020badc                netstack_init
 .text.periodic
                0x000000000020bb14       0x30 obj_zoul/link-stats.o
 .text.link_stats_from_lladdr
                0x000000000020bb44        0xc obj_zoul/link-stats.o
                0x000000000020bb44                link_stats_from_lladdr
 .text.link_stats_packet_sent
                0x000000000020bb50       0x78 obj_zoul/link-stats.o
                0x000000000020bb50                link_stats_packet_sent
 .text.link_stats_input_callback
                0x000000000020bbc8       0x4c obj_zoul/link-stats.o
                0x000000000020bbc8                link_stats_input_callback
 .text.link_stats_init
                0x000000000020bc14       0x28 obj_zoul/link-stats.o
                0x000000000020bc14                link_stats_init
 .text.mac_sequence_is_duplicate
                0x000000000020bc3c       0x50 obj_zoul/mac-sequence.o
                0x000000000020bc3c                mac_sequence_is_duplicate
 .text.mac_sequence_register_seqno
                0x000000000020bc8c       0x68 obj_zoul/mac-sequence.o
                0x000000000020bc8c                mac_sequence_register_seqno
 .text.create_frame.isra.0
                0x000000000020bcf4      0x130 obj_zoul/framer-802154.o
 .text.input_packet
                0x000000000020be24        0xc obj_zoul/csma.o
 .text.on       0x000000000020be30        0xc obj_zoul/csma.o
 .text.off      0x000000000020be3c        0xc obj_zoul/csma.o
 .text.channel_check_interval
                0x000000000020be48       0x10 obj_zoul/csma.o
 .text.schedule_transmission
                0x000000000020be58       0x4c obj_zoul/csma.o
 .text.send_packet
                0x000000000020bea4      0x13c obj_zoul/csma.o
 .text.init     0x000000000020bfe0       0x24 obj_zoul/csma.o
 .text.transmit_packet_list
                0x000000000020c004       0x30 obj_zoul/csma.o
 .text.tx_done  0x000000000020c034       0x7c obj_zoul/csma.o
 .text.packet_sent
                0x000000000020c0b0       0xdc obj_zoul/csma.o
 .text.frame802154_get_pan_id
                0x000000000020c18c        0xc obj_zoul/frame802154.o
                0x000000000020c18c                frame802154_get_pan_id
 .text.frame802154_parse
                0x000000000020c198      0x178 obj_zoul/frame802154.o
                0x000000000020c198                frame802154_parse
 .text.on       0x000000000020c310        0xc obj_zoul/nullrdc.o
 .text.send_one_packet
                0x000000000020c31c      0x114 obj_zoul/nullrdc.o
 .text.off      0x000000000020c430       0x18 obj_zoul/nullrdc.o
 .text.packet_input
                0x000000000020c448       0x54 obj_zoul/nullrdc.o
 .text.input    0x000000000020c49c        0xc obj_zoul/nullsec.o
 .text.send     0x000000000020c4a8       0x20 obj_zoul/nullsec.o
 .text.mqtt_event
                0x000000000020c4c8      0x11c mqtt_publisher.co
 .text.request_prefix
                0x000000000020c5e4       0x2c mqtt_publisher.co
                0x000000000020c5e4                request_prefix
 .text.process_thread_mqtt_publisher_process
                0x000000000020c610      0x478 mqtt_publisher.co
 .text.set_prefix_64
                0x000000000020ca88       0x70 mqtt_publisher.co
                0x000000000020ca88                set_prefix_64
 .text.init     0x000000000020caf8       0x24 obj_zoul/slip-bridge.o
 .text.slip_input_callback
                0x000000000020cb1c       0xe0 obj_zoul/slip-bridge.o
 .text.output   0x000000000020cbfc       0x4c obj_zoul/slip-bridge.o
 .text.receiver
                0x000000000020cc48       0x44 obj_zoul/zol25.o
                0x000000000020cc48                receiver
 .text.sensor_data
                0x000000000020cc8c      0x180 obj_zoul/zol25.o
                0x000000000020cc8c                sensor_data
 .text.set_radio_default_parameters
                0x000000000020ce0c       0x1c obj_zoul/zol25.o
                0x000000000020ce0c                set_radio_default_parameters
 .text.init_sensors
                0x000000000020ce28       0x24 obj_zoul/zol25.o
                0x000000000020ce28                init_sensors
 .text.configure
                0x000000000020ce4c       0x5c obj_zoul/dht22.o
 .text.value    0x000000000020cea8      0x188 obj_zoul/dht22.o
 .text.dht22_read_all
                0x000000000020d030       0x48 obj_zoul/dht22.o
                0x000000000020d030                dht22_read_all
 .text          0x000000000020d078       0x30 /usr/lib/gcc/arm-none-eabi/9.2.1/thumb/v7-m/nofp/libgcc.a(_aeabi_uldivmod.o)
                0x000000000020d078                __aeabi_uldivmod
 .text          0x000000000020d0a8      0x2c4 /usr/lib/gcc/arm-none-eabi/9.2.1/thumb/v7-m/nofp/libgcc.a(_udivmoddi4.o)
                0x000000000020d0a8                __udivmoddi4
 .text          0x000000000020d36c        0x4 /usr/lib/gcc/arm-none-eabi/9.2.1/thumb/v7-m/nofp/libgcc.a(_dvmd_tls.o)
                0x000000000020d36c                __aeabi_ldiv0
                0x000000000020d36c                __aeabi_idiv0
 .text          0x000000000020d370       0x60 /usr/lib/gcc/arm-none-eabi/9.2.1/../../../arm-none-eabi/lib/thumb/v7-m/nofp/libc.a(lib_a-memcmp.o)
                0x000000000020d370                memcmp
 .text          0x000000000020d3d0       0xec /usr/lib/gcc/arm-none-eabi/9.2.1/../../../arm-none-eabi/lib/thumb/v7-m/nofp/libc.a(lib_a-memcpy.o)
                0x000000000020d3d0                memcpy
 .text          0x000000000020d4bc       0xcc /usr/lib/gcc/arm-none-eabi/9.2.1/../../../arm-none-eabi/lib/thumb/v7-m/nofp/libc.a(lib_a-memmove.o)
                0x000000000020d4bc                memmove
 .text          0x000000000020d588       0xa0 /usr/lib/gcc/arm-none-eabi/9.2.1/../../../arm-none-eabi/lib/thumb/v7-m/nofp/libc.a(lib_a-memset.o)
                0x000000000020d588                memset
 .text          0x000000000020d628       0x5c /usr/lib/gcc/arm-none-eabi/9.2.1/../../../arm-none-eabi/lib/thumb/v7-m/nofp/libc.a(lib_a-strlen-stub.o)
                0x000000000020d628                strlen
 .text          0x000000000020d684       0xa0 /usr/lib/gcc/arm-none-eabi/9.2.1/../../../arm-none-eabi/lib/thumb/v7-m/nofp/libc.a(lib_a-strncmp.o)
                0x000000000020d684                strncmp
 .text.default_handler
                0x000000000020d724        0x2 obj_zoul/startup-gcc.o
                0x000000000020d724                default_handler
 .text.nmi_handler
                0x000000000020d726        0x6 obj_zoul/startup-gcc.o
                0x000000000020d726                nmi_handler
 .text.encode_remaining_length
                0x000000000020d72c       0x30 obj_zoul/mqtt.o
 .text.reset_packet
                0x000000000020d75c       0x14 obj_zoul/mqtt.o
 .text.abort_connection
                0x000000000020d770       0x3e obj_zoul/mqtt.o
 .text.send_out_buffer
                0x000000000020d7ae       0x22 obj_zoul/mqtt.o
 .text.write_byte
                0x000000000020d7d0       0x20 obj_zoul/mqtt.o
 .text.write_bytes
                0x000000000020d7f0       0x4e obj_zoul/mqtt.o
 .text.string_to_mqtt_string
                0x000000000020d83e       0x14 obj_zoul/mqtt.o
 .text.fade     0x000000000020d852       0x58 obj_zoul/contiki-main.o
 .text.status   0x000000000020d8aa        0x4 obj_zoul/adc-zoul.o
 .text.board_init
                0x000000000020d8ae        0x4 obj_zoul/board.o
                0x000000000020d8ae                board_init
 .text.clock_isr
                0x000000000020d8b2        0x4 obj_zoul/clock.o
                0x000000000020d8b2                clock_isr
 .text.rtimer_arch_init
                0x000000000020d8b6        0x2 obj_zoul/rtimer-arch.o
                0x000000000020d8b6                rtimer_arch_init
 .text.uart0_isr
                0x000000000020d8b8        0x6 obj_zoul/uart.o
                0x000000000020d8b8                uart0_isr
 .text.uart1_isr
                0x000000000020d8be        0x6 obj_zoul/uart.o
                0x000000000020d8be                uart1_isr
 .text.cpu_cpsie
                0x000000000020d8c4        0x8 obj_zoul/cpu.o
                0x000000000020d8c4                cpu_cpsie
 .text.cpu_cpsid
                0x000000000020d8cc        0x8 obj_zoul/cpu.o
                0x000000000020d8cc                cpu_cpsid
 .text.gpio_port_a_isr
                0x000000000020d8d4        0x6 obj_zoul/gpio.o
                0x000000000020d8d4                gpio_port_a_isr
 .text.gpio_port_b_isr
                0x000000000020d8da        0x6 obj_zoul/gpio.o
                0x000000000020d8da                gpio_port_b_isr
 .text.gpio_port_c_isr
                0x000000000020d8e0        0x6 obj_zoul/gpio.o
                0x000000000020d8e0                gpio_port_c_isr
 .text.gpio_port_d_isr
                0x000000000020d8e6        0x6 obj_zoul/gpio.o
                0x000000000020d8e6                gpio_port_d_isr
 .text.send     0x000000000020d8ec       0x12 obj_zoul/cc2538-rf.o
 .text.dbg_send_bytes
                0x000000000020d8fe       0x22 obj_zoul/dbg.o
                0x000000000020d8fe                dbg_send_bytes
 .text.puts     0x000000000020d920       0x1c obj_zoul/dbg.o
                0x000000000020d920                puts
 .text.slip_arch_writeb
                0x000000000020d93c        0x8 obj_zoul/slip-arch.o
                0x000000000020d93c                slip_arch_writeb
 .text.configure
                0x000000000020d944        0x4 obj_zoul/cc2538-temp-sensor.o
 .text.status   0x000000000020d948        0x4 obj_zoul/cc2538-temp-sensor.o
 .text.value    0x000000000020d94c       0x34 obj_zoul/cc2538-temp-sensor.o
 .text.configure
                0x000000000020d980        0x4 obj_zoul/vdd3-sensor.o
 .text.status   0x000000000020d984        0x4 obj_zoul/vdd3-sensor.o
 .text.value    0x000000000020d988       0x2a obj_zoul/vdd3-sensor.o
 .text.write_str
                0x000000000020d9b2       0x10 obj_zoul/dbg-printf.o
 .text.buffer_str
                0x000000000020d9c2       0x28 obj_zoul/dbg-snprintf.o
 .text.snprintf
                0x000000000020d9ea       0x1a obj_zoul/dbg-snprintf.o
                0x000000000020d9ea                snprintf
 .text.stimer_set
                0x000000000020da04        0xe obj_zoul/stimer.o
                0x000000000020da04                stimer_set
 .text.stimer_expired
                0x000000000020da12       0x1e obj_zoul/stimer.o
                0x000000000020da12                stimer_expired
 .text.autostart_start
                0x000000000020da30       0x14 obj_zoul/autostart.o
                0x000000000020da30                autostart_start
 .text.energest_init
                0x000000000020da44        0x2 obj_zoul/energest.o
                0x000000000020da44                energest_init
 .text.etimer_set
                0x000000000020da46       0x12 obj_zoul/etimer.o
                0x000000000020da46                etimer_set
 .text.etimer_reset
                0x000000000020da58       0x12 obj_zoul/etimer.o
                0x000000000020da58                etimer_reset
 .text.etimer_restart
                0x000000000020da6a       0x12 obj_zoul/etimer.o
                0x000000000020da6a                etimer_restart
 .text.etimer_expired
                0x000000000020da7c        0xa obj_zoul/etimer.o
                0x000000000020da7c                etimer_expired
 .text.etimer_expiration_time
                0x000000000020da86        0x8 obj_zoul/etimer.o
                0x000000000020da86                etimer_expiration_time
 .text.call_process
                0x000000000020da8e        0xc obj_zoul/process.o
 .text.rtimer_init
                0x000000000020da9a        0x4 obj_zoul/rtimer.o
                0x000000000020da9a                rtimer_init
 .text.timer_set
                0x000000000020da9e        0xe obj_zoul/timer.o
                0x000000000020da9e                timer_set
 .text.timer_reset
                0x000000000020daac        0xa obj_zoul/timer.o
                0x000000000020daac                timer_reset
 .text.timer_restart
                0x000000000020dab6        0xc obj_zoul/timer.o
                0x000000000020dab6                timer_restart
 .text.timer_expired
                0x000000000020dac2       0x1c obj_zoul/timer.o
                0x000000000020dac2                timer_expired
 .text.list_init
                0x000000000020dade        0x6 obj_zoul/list.o
                0x000000000020dade                list_init
 .text.list_head
                0x000000000020dae4        0x4 obj_zoul/list.o
                0x000000000020dae4                list_head
 .text.list_tail
                0x000000000020dae8       0x10 obj_zoul/list.o
                0x000000000020dae8                list_tail
 .text.list_remove
                0x000000000020daf8       0x26 obj_zoul/list.o
                0x000000000020daf8                list_remove
 .text.list_add
                0x000000000020db1e       0x1a obj_zoul/list.o
                0x000000000020db1e                list_add
 .text.list_push
                0x000000000020db38        0xe obj_zoul/list.o
                0x000000000020db38                list_push
 .text.list_length
                0x000000000020db46        0xe obj_zoul/list.o
                0x000000000020db46                list_length
 .text.list_item_next
                0x000000000020db54        0x6 obj_zoul/list.o
                0x000000000020db54                list_item_next
 .text.memb_init
                0x000000000020db5a       0x20 obj_zoul/memb.o
                0x000000000020db5a                memb_init
 .text.memb_alloc
                0x000000000020db7a       0x28 obj_zoul/memb.o
                0x000000000020db7a                memb_alloc
 .text.memb_free
                0x000000000020dba2       0x2c obj_zoul/memb.o
                0x000000000020dba2                memb_free
 .text.memb_inmemb
                0x000000000020dbce       0x1c obj_zoul/memb.o
                0x000000000020dbce                memb_inmemb
 .text.memb_numfree
                0x000000000020dbea       0x1c obj_zoul/memb.o
                0x000000000020dbea                memb_numfree
 .text.ringbuf_init
                0x000000000020dc06        0xe obj_zoul/ringbuf.o
                0x000000000020dc06                ringbuf_init
 .text.ringbuf_put
                0x000000000020dc14       0x26 obj_zoul/ringbuf.o
                0x000000000020dc14                ringbuf_put
 .text.ringbuf_get
                0x000000000020dc3a       0x20 obj_zoul/ringbuf.o
                0x000000000020dc3a                ringbuf_get
 .text.uip_ds6_list_loop
                0x000000000020dc5a       0x48 obj_zoul/uip-ds6.o
                0x000000000020dc5a                uip_ds6_list_loop
 .text.uip_ds6_maddr_rm
                0x000000000020dca2        0x8 obj_zoul/uip-ds6.o
                0x000000000020dca2                uip_ds6_maddr_rm
 .text.uip_ds6_set_addr_iid
                0x000000000020dcaa       0x12 obj_zoul/uip-ds6.o
                0x000000000020dcaa                uip_ds6_set_addr_iid
 .text.get_match_length
                0x000000000020dcbc       0x36 obj_zoul/uip-ds6.o
                0x000000000020dcbc                get_match_length
 .text.uip_ds6_route_next
                0x000000000020dcf2        0x8 obj_zoul/uip-ds6-route.o
                0x000000000020dcf2                uip_ds6_route_next
 .text.rm_routelist_callback
                0x000000000020dcfa        0x4 obj_zoul/uip-ds6-route.o
 .text.chksum   0x000000000020dcfe       0x52 obj_zoul/uip6.o
 .text.uip_icmp6chksum
                0x000000000020dd50        0x6 obj_zoul/uip6.o
                0x000000000020dd50                uip_icmp6chksum
 .text.uip_tcpchksum
                0x000000000020dd56        0x6 obj_zoul/uip6.o
                0x000000000020dd56                uip_tcpchksum
 .text.uip_udpchksum
                0x000000000020dd5c        0x6 obj_zoul/uip6.o
                0x000000000020dd5c                uip_udpchksum
 .text.uip_htons
                0x000000000020dd62        0x6 obj_zoul/uip6.o
                0x000000000020dd62                uip_htons
 .text.uip_ds6_nbr_ipaddr_from_lladdr
                0x000000000020dd68        0x4 obj_zoul/uip-ds6-nbr.o
                0x000000000020dd68                uip_ds6_nbr_ipaddr_from_lladdr
 .text.uip_ds6_nbr_lladdr_from_ipaddr
                0x000000000020dd6c       0x12 obj_zoul/uip-ds6-nbr.o
                0x000000000020dd6c                uip_ds6_nbr_lladdr_from_ipaddr
 .text.uip_nd6_init
                0x000000000020dd7e        0x2 obj_zoul/uip-nd6.o
                0x000000000020dd7e                uip_nd6_init
 .text.call_event
                0x000000000020dd80       0x16 obj_zoul/tcp-socket.o
 .text.relisten
                0x000000000020dd96       0x14 obj_zoul/tcp-socket.o
 .text.tcp_socket_send
                0x000000000020ddaa       0x34 obj_zoul/tcp-socket.o
                0x000000000020ddaa                tcp_socket_send
 .text.tcp_socket_close
                0x000000000020ddde       0x18 obj_zoul/tcp-socket.o
                0x000000000020ddde                tcp_socket_close
 .text.uiplib_ip6addrconv
                0x000000000020ddf6       0xb4 obj_zoul/uiplib.o
                0x000000000020ddf6                uiplib_ip6addrconv
 .text.handle_unicast_dio_timer
                0x000000000020deaa       0x1c obj_zoul/rpl-timers.o
 .text.rpl_reset_dio_timer
                0x000000000020dec6       0x1c obj_zoul/rpl-timers.o
                0x000000000020dec6                rpl_reset_dio_timer
 .text.rpl_schedule_dao
                0x000000000020dee2        0x8 obj_zoul/rpl-timers.o
                0x000000000020dee2                rpl_schedule_dao
 .text.get_probing_delay
                0x000000000020deea       0x3a obj_zoul/rpl-timers.o
                0x000000000020deea                get_probing_delay
 .text.handle_probing_timer
                0x000000000020df24       0x32 obj_zoul/rpl-timers.o
 .text.rpl_remove_routes
                0x000000000020df56       0x1e obj_zoul/rpl.o
                0x000000000020df56                rpl_remove_routes
 .text.rpl_remove_routes_by_nexthop
                0x000000000020df74       0x30 obj_zoul/rpl.o
                0x000000000020df74                rpl_remove_routes_by_nexthop
 .text.rpl_add_route
                0x000000000020dfa4       0x30 obj_zoul/rpl.o
                0x000000000020dfa4                rpl_add_route
 .text.reset    0x000000000020dfd4        0x2 obj_zoul/rpl-mrhof.o
 .text.update_metric_container
                0x000000000020dfd6        0x6 obj_zoul/rpl-mrhof.o
 .text.parent_link_metric
                0x000000000020dfdc       0x12 obj_zoul/rpl-mrhof.o
 .text.parent_has_usable_link
                0x000000000020dfee       0x12 obj_zoul/rpl-mrhof.o
 .text.best_dag
                0x000000000020e000       0x2e obj_zoul/rpl-mrhof.o
 .text.parent_path_cost
                0x000000000020e02e       0x34 obj_zoul/rpl-mrhof.o
 .text.rank_via_parent
                0x000000000020e062       0x34 obj_zoul/rpl-mrhof.o
 .text.parent_is_acceptable
                0x000000000020e096       0x26 obj_zoul/rpl-mrhof.o
 .text.best_parent
                0x000000000020e0bc       0x64 obj_zoul/rpl-mrhof.o
 .text.get32    0x000000000020e120       0x18 obj_zoul/rpl-icmp6.o
 .text.set32    0x000000000020e138       0x12 obj_zoul/rpl-icmp6.o
 .text.get16    0x000000000020e14a        0xc obj_zoul/rpl-icmp6.o
 .text.set16    0x000000000020e156        0xa obj_zoul/rpl-icmp6.o
 .text.rpl_icmp6_update_nbr_table
                0x000000000020e160       0x2e obj_zoul/rpl-icmp6.o
                0x000000000020e160                rpl_icmp6_update_nbr_table
 .text.check_prefix
                0x000000000020e18e       0x58 obj_zoul/rpl-dag.o
 .text.lollipop_greater_than
                0x000000000020e1e6       0x34 obj_zoul/rpl-dag.o
 .text.rpl_rank_via_parent
                0x000000000020e21a       0x1a obj_zoul/rpl-dag.o
                0x000000000020e21a                rpl_rank_via_parent
 .text.rpl_get_parent_ipaddr
                0x000000000020e234        0xe obj_zoul/rpl-dag.o
                0x000000000020e234                rpl_get_parent_ipaddr
 .text.rpl_get_parent_link_stats
                0x000000000020e242        0xe obj_zoul/rpl-dag.o
                0x000000000020e242                rpl_get_parent_link_stats
 .text.rpl_parent_is_fresh
                0x000000000020e250        0xe obj_zoul/rpl-dag.o
                0x000000000020e250                rpl_parent_is_fresh
 .text.rpl_parent_is_reachable
                0x000000000020e25e       0x36 obj_zoul/rpl-dag.o
                0x000000000020e25e                rpl_parent_is_reachable
 .text.rpl_set_prefix
                0x000000000020e294       0x6a obj_zoul/rpl-dag.o
                0x000000000020e294                rpl_set_prefix
 .text.rpl_set_default_route
                0x000000000020e2fe       0x30 obj_zoul/rpl-dag.o
                0x000000000020e2fe                rpl_set_default_route
 .text.rpl_find_parent
                0x000000000020e32e       0x16 obj_zoul/rpl-dag.o
                0x000000000020e32e                rpl_find_parent
 .text.rpl_find_parent_any_dag
                0x000000000020e344       0x1e obj_zoul/rpl-dag.o
                0x000000000020e344                rpl_find_parent_any_dag
 .text.rpl_select_parent
                0x000000000020e362       0x4a obj_zoul/rpl-dag.o
                0x000000000020e362                rpl_select_parent
 .text.rpl_select_dag
                0x000000000020e3ac      0x152 obj_zoul/rpl-dag.o
                0x000000000020e3ac                rpl_select_dag
 .text.rpl_nullify_parent
                0x000000000020e4fe       0x54 obj_zoul/rpl-dag.o
                0x000000000020e4fe                rpl_nullify_parent
 .text.nbr_callback
                0x000000000020e552        0x4 obj_zoul/rpl-dag.o
 .text.rpl_free_dag
                0x000000000020e556       0x3a obj_zoul/rpl-dag.o
                0x000000000020e556                rpl_free_dag
 .text.rpl_move_parent
                0x000000000020e590       0x58 obj_zoul/rpl-dag.o
                0x000000000020e590                rpl_move_parent
 .text.rpl_repair_root
                0x000000000020e5e8       0x48 obj_zoul/rpl-dag.o
                0x000000000020e5e8                rpl_repair_root
 .text.rpl_alloc_dag
                0x000000000020e630       0x50 obj_zoul/rpl-dag.o
                0x000000000020e630                rpl_alloc_dag
 .text.rpl_process_parent_event
                0x000000000020e680       0x90 obj_zoul/rpl-dag.o
                0x000000000020e680                rpl_process_parent_event
 .text.rpl_add_dag
                0x000000000020e710      0x110 obj_zoul/rpl-dag.o
                0x000000000020e710                rpl_add_dag
 .text.rpl_process_dio
                0x000000000020e820      0x2de obj_zoul/rpl-dag.o
                0x000000000020e820                rpl_process_dio
 .text.queuebuf_update_attr_from_packetbuf
                0x000000000020eafe        0xc obj_zoul/queuebuf.o
                0x000000000020eafe                queuebuf_update_attr_from_packetbuf
 .text.queuebuf_attr
                0x000000000020eb0a        0xc obj_zoul/queuebuf.o
                0x000000000020eb0a                queuebuf_attr
 .text.item_from_index
                0x000000000020eb16       0x14 obj_zoul/nbr-table.o
 .text.index_from_item
                0x000000000020eb2a       0x16 obj_zoul/nbr-table.o
 .text.nbr_set_bit
                0x000000000020eb40       0x3a obj_zoul/nbr-table.o
 .text.nbr_table_next
                0x000000000020eb7a       0x36 obj_zoul/nbr-table.o
                0x000000000020eb7a                nbr_table_next
 .text.nbr_table_get_from_lladdr
                0x000000000020ebb0       0x26 obj_zoul/nbr-table.o
                0x000000000020ebb0                nbr_table_get_from_lladdr
 .text.nbr_table_get_lladdr
                0x000000000020ebd6       0x10 obj_zoul/nbr-table.o
                0x000000000020ebd6                nbr_table_get_lladdr
 .text.linkaddr_copy
                0x000000000020ebe6        0xa obj_zoul/linkaddr.o
                0x000000000020ebe6                linkaddr_copy
 .text.linkaddr_cmp
                0x000000000020ebf0       0x10 obj_zoul/linkaddr.o
                0x000000000020ebf0                linkaddr_cmp
 .text.link_stats_is_fresh
                0x000000000020ec00       0x24 obj_zoul/link-stats.o
                0x000000000020ec00                link_stats_is_fresh
 .text.parse    0x000000000020ec24       0x94 obj_zoul/framer-802154.o
 .text.create   0x000000000020ecb8        0x6 obj_zoul/framer-802154.o
 .text.hdr_length
                0x000000000020ecbe        0x6 obj_zoul/framer-802154.o
 .text.frame802154_has_panid
                0x000000000020ecc4       0x62 obj_zoul/frame802154.o
                0x000000000020ecc4                frame802154_has_panid
 .text.field_len
                0x000000000020ed26       0x80 obj_zoul/frame802154.o
 .text.frame802154_is_broadcast_addr
                0x000000000020eda6       0x1e obj_zoul/frame802154.o
                0x000000000020eda6                frame802154_is_broadcast_addr
 .text.frame802154_hdrlen
                0x000000000020edc4       0x32 obj_zoul/frame802154.o
                0x000000000020edc4                frame802154_hdrlen
 .text.frame802154_create
                0x000000000020edf6       0xde obj_zoul/frame802154.o
                0x000000000020edf6                frame802154_create
 .text.mac_call_sent_callback
                0x000000000020eed4       0x16 obj_zoul/mac.o
                0x000000000020eed4                mac_call_sent_callback
 .text.channel_check_interval
                0x000000000020eeea        0x4 obj_zoul/nullrdc.o
 .text.init     0x000000000020eeee        0x4 obj_zoul/nullrdc.o
 .text.send_list
                0x000000000020eef2       0x22 obj_zoul/nullrdc.o
 .text.send_packet
                0x000000000020ef14        0x4 obj_zoul/nullrdc.o
 .text.init     0x000000000020ef18        0x2 obj_zoul/nullsec.o
 .text.publish_led_off
                0x000000000020ef1a        0x6 mqtt_publisher.co
 *(SORT_BY_ALIGNMENT(.rodata*))
 .rodata.adc_zoul
                0x000000000020ef20       0x10 obj_zoul/adc-zoul.o
                0x000000000020ef20                adc_zoul
 .rodata.button_sensor
                0x000000000020ef30       0x10 obj_zoul/button-sensor.o
                0x000000000020ef30                button_sensor
 .rodata.uart_regs
                0x000000000020ef40       0x58 obj_zoul/uart.o
 .rodata.reset_cause.4829
                0x000000000020ef98       0x10 obj_zoul/sys-ctrl.o
 .rodata.cc2538_rf_driver
                0x000000000020efa8       0x38 obj_zoul/cc2538-rf.o
                0x000000000020efa8                cc2538_rf_driver
 .rodata.output_power
                0x000000000020efe0       0x70 obj_zoul/cc2538-rf.o
 .rodata.cc2538_temp_sensor
                0x000000000020f050       0x10 obj_zoul/cc2538-temp-sensor.o
                0x000000000020f050                cc2538_temp_sensor
 .rodata.vdd3_sensor
                0x000000000020f060       0x10 obj_zoul/vdd3-sensor.o
                0x000000000020f060                vdd3_sensor
 .rodata.sicslowpan_driver
                0x000000000020f070        0xc obj_zoul/sicslowpan.o
                0x000000000020f070                sicslowpan_driver
 .rodata.framer_802154
                0x000000000020f07c        0xc obj_zoul/framer-802154.o
                0x000000000020f07c                framer_802154
 .rodata.csma_driver
                0x000000000020f088       0x1c obj_zoul/csma.o
                0x000000000020f088                csma_driver
 .rodata.nullrdc_driver
                0x000000000020f0a4       0x20 obj_zoul/nullrdc.o
                0x000000000020f0a4                nullrdc_driver
 .rodata.nullsec_driver
                0x000000000020f0c4       0x10 obj_zoul/nullsec.o
                0x000000000020f0c4                nullsec_driver
 .rodata.autostart_processes
                0x000000000020f0d4        0x8 mqtt_publisher.co
                0x000000000020f0d4                autostart_processes
 .rodata.rpl_interface
                0x000000000020f0dc        0x8 obj_zoul/slip-bridge.o
                0x000000000020f0dc                rpl_interface
 .rodata.dht22  0x000000000020f0e4       0x10 obj_zoul/dht22.o
                0x000000000020f0e4                dht22
 .rodata.process_thread_mqtt_process.str1.1
                0x000000000020f0f4        0x7 obj_zoul/mqtt.o
 .rodata.str1.1
                0x000000000020f0fb        0xd obj_zoul/mqtt.o
 .rodata.main.str1.1
                0x000000000020f108       0x7a obj_zoul/contiki-main.o
                                         0x80 (size before relaxing)
 .rodata.str1.1
                0x000000000020f182       0x15 obj_zoul/adc-zoul.o
 .rodata.str1.1
                0x000000000020f197        0x7 obj_zoul/button-sensor.o
 .rodata.soc_print_info.str1.1
                0x000000000020f19e       0x94 obj_zoul/soc.o
 .rodata.str1.1
                0x000000000020f232       0x2d obj_zoul/sys-ctrl.o
 .rodata.str1.1
                0x000000000020f25f       0x11 obj_zoul/cc2538-rf.o
 .rodata.process_thread_slip_process.str1.1
                0x000000000020f270       0x15 obj_zoul/slip.o
 .rodata.str1.1
                0x000000000020f285        0xc obj_zoul/slip.o
 .rodata.str1.1
                0x000000000020f291       0x14 obj_zoul/cc2538-temp-sensor.o
 .rodata.str1.1
                0x000000000020f2a5        0x5 obj_zoul/vdd3-sensor.o
 .rodata.format_str_v.str1.1
                0x000000000020f2aa       0x35 obj_zoul/strformat.o
                                         0x37 (size before relaxing)
 .rodata.buffer.4213
                0x000000000020f2df       0x10 obj_zoul/strformat.o
 .rodata.buffer.4222
                0x000000000020f2ef       0x10 obj_zoul/strformat.o
 .rodata.str1.1
                0x000000000020f2ff        0xc obj_zoul/etimer.o
 .rodata.str1.1
                0x000000000020f30b        0xf obj_zoul/ctimer.o
 .rodata.str1.1
                0x000000000020f31a        0xe obj_zoul/serial-line.o
 .rodata.str1.1
                0x000000000020f328        0x8 obj_zoul/sensors.o
 .rodata.str1.1
                0x000000000020f330        0xb obj_zoul/sicslowpan.o
 .rodata.llprefix
                0x000000000020f33b        0x2 obj_zoul/sicslowpan.o
                0x000000000020f33b                llprefix
 .rodata.ttl_values
                0x000000000020f33d        0x4 obj_zoul/sicslowpan.o
 .rodata.unc_ctxconf
                0x000000000020f341        0x4 obj_zoul/sicslowpan.o
                0x000000000020f341                unc_ctxconf
 .rodata.unc_llconf
                0x000000000020f345        0x4 obj_zoul/sicslowpan.o
                0x000000000020f345                unc_llconf
 .rodata.unc_mxconf
                0x000000000020f349        0x4 obj_zoul/sicslowpan.o
                0x000000000020f349                unc_mxconf
 .rodata.newdata.str1.1
                0x000000000020f34d       0x32 obj_zoul/tcp-socket.o
 .rodata.process_thread_tcp_socket_process.str1.1
                0x000000000020f37f       0x54 obj_zoul/tcp-socket.o
 .rodata.str1.1
                0x000000000020f3d3       0x13 obj_zoul/tcp-socket.o
 .rodata.uip_debug_ipaddr_print.str1.1
                0x000000000020f3e6       0x28 obj_zoul/uip-debug.o
 .rodata.str1.1
                0x000000000020f40e        0xd obj_zoul/tcpip.o
 .rodata.str1.1
                0x000000000020f41b       0x13 obj_zoul/simple-udp.o
 .rodata.linkaddr_null
                0x000000000020f42e        0x8 obj_zoul/linkaddr.o
                0x000000000020f42e                linkaddr_null
 .rodata.str1.1
                0x000000000020f436        0x5 obj_zoul/csma.o
 .rodata.str1.1
                0x000000000020f43b        0x8 obj_zoul/nullrdc.o
 .rodata.str1.1
                0x000000000020f443        0x8 obj_zoul/nullsec.o
 .rodata.mqtt_event.str1.1
                0x000000000020f44b      0x1e2 mqtt_publisher.co
 .rodata.process_thread_mqtt_publisher_process.str1.1
                0x000000000020f62d      0x20a mqtt_publisher.co
 .rodata.set_prefix_64.str1.1
                0x000000000020f837       0x16 mqtt_publisher.co
 .rodata.str1.1
                0x000000000020f84d       0x19 mqtt_publisher.co
 .rodata.slip_input_callback.str1.1
                0x000000000020f866       0x56 obj_zoul/slip-bridge.o
                                         0x67 (size before relaxing)
 .rodata.output.str1.1
                0x000000000020f8bc       0x3a obj_zoul/slip-bridge.o
 .rodata.receiver.str1.1
                0x000000000020f8f6       0x1f obj_zoul/zol25.o
 .rodata.sensor_data.str1.1
                0x000000000020f915      0x164 obj_zoul/zol25.o
                                        0x166 (size before relaxing)
 .rodata.str1.1
                0x000000000020fa79        0xd obj_zoul/dht22.o
                0x000000000020fa86                _etext = .

.glue_7         0x000000000020fa88        0x0
 .glue_7        0x000000000020fa88        0x0 linker stubs

.glue_7t        0x000000000020fa88        0x0
 .glue_7t       0x000000000020fa88        0x0 linker stubs

.vfp11_veneer   0x000000000020fa88        0x0
 .vfp11_veneer  0x000000000020fa88        0x0 linker stubs

.v4_bx          0x000000000020fa88        0x0
 .v4_bx         0x000000000020fa88        0x0 linker stubs

.iplt           0x000000000020fa88        0x0
 .iplt          0x000000000020fa88        0x0 obj_zoul/startup-gcc.o

.socdata        0x0000000020004000       0x40
 *(SORT_BY_ALIGNMENT(.udma_channel_control_table))
 .udma_channel_control_table
                0x0000000020004000       0x40 obj_zoul/udma.o

.data           0x0000000020004040      0x1f5 load address 0x000000000020fa88
                0x0000000020004040                _data = .
 *(SORT_BY_ALIGNMENT(.data*))
 .data.mqtt_process
                0x0000000020004040       0x10 obj_zoul/mqtt.o
                0x0000000020004040                mqtt_process
 .data.sensors  0x0000000020004050       0x10 obj_zoul/zoul-sensors.o
                0x0000000020004050                sensors
 .data.cc2538_rf_process
                0x0000000020004060       0x10 obj_zoul/cc2538-rf.o
                0x0000000020004060                cc2538_rf_process
 .data.slip_process
                0x0000000020004070       0x10 obj_zoul/slip.o
                0x0000000020004070                slip_process
 .data.ctxt     0x0000000020004080        0x8 obj_zoul/dbg-printf.o
 .data.etimer_process
                0x0000000020004088       0x10 obj_zoul/etimer.o
                0x0000000020004088                etimer_process
 .data.ctimer_process
                0x0000000020004098       0x10 obj_zoul/ctimer.o
                0x0000000020004098                ctimer_process
 .data.serial_line_process
                0x00000000200040a8       0x10 obj_zoul/serial-line.o
                0x00000000200040a8                serial_line_process
 .data.sensors_process
                0x00000000200040b8       0x10 obj_zoul/sensors.o
                0x00000000200040b8                sensors_process
 .data.echo_reply_handler
                0x00000000200040c8        0xc obj_zoul/uip-icmp6.o
 .data.echo_request_handler
                0x00000000200040d4        0xc obj_zoul/uip-icmp6.o
 .data.defaultroutermemb
                0x00000000200040e0        0xc obj_zoul/uip-ds6-route.o
 .data.nbr_routes
                0x00000000200040ec        0x4 obj_zoul/uip-ds6-route.o
                0x00000000200040ec                nbr_routes
 .data.nbr_routes_struct
                0x00000000200040f0       0x10 obj_zoul/uip-ds6-route.o
 .data.neighborroutememb
                0x0000000020004100        0xc obj_zoul/uip-ds6-route.o
 .data.routememb
                0x000000002000410c        0xc obj_zoul/uip-ds6-route.o
 .data.ds6_neighbors
                0x0000000020004118        0x4 obj_zoul/uip-ds6-nbr.o
                0x0000000020004118                ds6_neighbors
 .data.ds6_neighbors_struct
                0x000000002000411c       0x10 obj_zoul/uip-ds6-nbr.o
 .data.tcp_socket_process
                0x000000002000412c       0x10 obj_zoul/tcp-socket.o
                0x000000002000412c                tcp_socket_process
 .data.tcpip_process
                0x000000002000413c       0x10 obj_zoul/tcpip.o
                0x000000002000413c                tcpip_process
 .data.simple_udp_process
                0x000000002000414c       0x10 obj_zoul/simple-udp.o
                0x000000002000414c                simple_udp_process
 .data.rpl_mrhof
                0x000000002000415c       0x24 obj_zoul/rpl-mrhof.o
                0x000000002000415c                rpl_mrhof
 .data.dao_ack_handler
                0x0000000020004180        0xc obj_zoul/rpl-icmp6.o
 .data.dao_handler
                0x000000002000418c        0xc obj_zoul/rpl-icmp6.o
 .data.dio_handler
                0x0000000020004198        0xc obj_zoul/rpl-icmp6.o
 .data.dis_handler
                0x00000000200041a4        0xc obj_zoul/rpl-icmp6.o
 .data.rpl_parents
                0x00000000200041b0        0x4 obj_zoul/rpl-dag.o
                0x00000000200041b0                rpl_parents
 .data.rpl_parents_struct
                0x00000000200041b4       0x10 obj_zoul/rpl-dag.o
 .data.bufmem   0x00000000200041c4        0xc obj_zoul/queuebuf.o
 .data.buframmem
                0x00000000200041d0        0xc obj_zoul/queuebuf.o
 .data.neighbor_addr_mem
                0x00000000200041dc        0xc obj_zoul/nbr-table.o
 .data.link_stats_struct
                0x00000000200041e8       0x10 obj_zoul/link-stats.o
 .data.metadata_memb
                0x00000000200041f8        0xc obj_zoul/csma.o
 .data.neighbor_memb
                0x0000000020004204        0xc obj_zoul/csma.o
 .data.packet_memb
                0x0000000020004210        0xc obj_zoul/csma.o
 .data.mqtt_publisher_process
                0x000000002000421c       0x10 mqtt_publisher.co
                0x000000002000421c                mqtt_publisher_process
 .data.pub_id   0x000000002000422c        0x4 mqtt_publisher.co
 .data.mac_pan_id
                0x0000000020004230        0x2 obj_zoul/frame802154.o
 .data.rf_channel
                0x0000000020004232        0x1 obj_zoul/cc2538-rf.o
 .data.send_on_cca
                0x0000000020004233        0x1 obj_zoul/cc2538-rf.o
 .data.dao_sequence
                0x0000000020004234        0x1 obj_zoul/rpl-icmp6.o
                0x0000000020004235                _edata = .
                0x000000000020fa88                _ldata = LOADADDR (.data)

.igot.plt       0x0000000020004238        0x0 load address 0x000000000020fc7d
 .igot.plt      0x0000000020004238        0x0 obj_zoul/startup-gcc.o

.ARM.exidx      0x000000000020fc80        0x8
 *(SORT_BY_ALIGNMENT(.ARM.exidx*))
 .ARM.exidx     0x000000000020fc80        0x8 /usr/lib/gcc/arm-none-eabi/9.2.1/thumb/v7-m/nofp/libgcc.a(_udivmoddi4.o)

.bss            0x0000000020004238     0x2bb1
                0x0000000020004238                _bss = .
 *(SORT_BY_ALIGNMENT(.bss*))
 .bss.rt_ticks_epoch
                0x0000000020004238        0x8 obj_zoul/clock.o
 .bss.rt_ticks_startup
                0x0000000020004240        0x8 obj_zoul/clock.o
 .bss.conn.8954
                0x0000000020004248        0x4 obj_zoul/mqtt.o
 .bss.mqtt_conn_list_list
                0x000000002000424c        0x4 obj_zoul/mqtt.o
 .bss.debouncetimer
                0x0000000020004250        0x8 obj_zoul/button-sensor.o
 .bss.press_counter
                0x0000000020004258       0x20 obj_zoul/button-sensor.o
 .bss.press_duration
                0x0000000020004278        0x4 obj_zoul/button-sensor.o
 .bss.next_trigger
                0x000000002000427c        0x4 obj_zoul/rtimer-arch.o
 .bss.input_handler
                0x0000000020004280        0x8 obj_zoul/uart.o
 .bss.interrupt_disable
                0x0000000020004288        0x4 obj_zoul/nvic.o
 .bss.interrupt_enable
                0x000000002000428c        0x4 obj_zoul/nvic.o
 .bss.interrupt_pend
                0x0000000020004290        0x4 obj_zoul/nvic.o
 .bss.interrupt_unpend
                0x0000000020004294        0x4 obj_zoul/nvic.o
 .bss.gpio_callbacks
                0x0000000020004298       0x80 obj_zoul/gpio.o
 .bss.ioc_over  0x0000000020004318        0x4 obj_zoul/ioc.o
 .bss.ioc_sel   0x000000002000431c        0x4 obj_zoul/ioc.o
 .bss.notification_process
                0x0000000020004320        0x4 obj_zoul/crypto.o
 .bss.periph_permit_pm1_funcs
                0x0000000020004324       0x14 obj_zoul/lpm.o
 .bss.notification_process
                0x0000000020004338        0x4 obj_zoul/pka.o
 .bss.input_callback
                0x000000002000433c        0x4 obj_zoul/slip.o
 .bss.next_expiration
                0x0000000020004340        0x4 obj_zoul/etimer.o
 .bss.timerlist
                0x0000000020004344        0x4 obj_zoul/etimer.o
 .bss.ctimer_list_list
                0x0000000020004348        0x4 obj_zoul/ctimer.o
 .bss.events    0x000000002000434c      0x180 obj_zoul/process.o
 .bss.process_current
                0x00000000200044cc        0x4 obj_zoul/process.o
                0x00000000200044cc                process_current
 .bss.process_list
                0x00000000200044d0        0x4 obj_zoul/process.o
                0x00000000200044d0                process_list
 .bss.next_rtimer
                0x00000000200044d4        0x4 obj_zoul/rtimer.o
 .bss.ptr.4844  0x00000000200044d8        0x4 obj_zoul/serial-line.o
 .bss.rxbuf     0x00000000200044dc        0x8 obj_zoul/serial-line.o
 .bss.events.4860
                0x00000000200044e4        0x4 obj_zoul/sensors.o
 .bss.i.4859    0x00000000200044e8        0x4 obj_zoul/sensors.o
 .bss.echo_reply_callback_list_list
                0x00000000200044ec        0x4 obj_zoul/uip-icmp6.o
 .bss.input_handler_list_list
                0x00000000200044f0        0x4 obj_zoul/uip-icmp6.o
 .bss.locaddr   0x00000000200044f4        0x4 obj_zoul/uip-ds6.o
 .bss.locmaddr  0x00000000200044f8        0x4 obj_zoul/uip-ds6.o
 .bss.locprefix
                0x00000000200044fc        0x4 obj_zoul/uip-ds6.o
 .bss._nbr_routes_mem
                0x0000000020004500       0x80 obj_zoul/uip-ds6-route.o
 .bss.defaultrouterlist_list
                0x0000000020004580        0x4 obj_zoul/uip-ds6-route.o
 .bss.defaultroutermemb_memb_mem
                0x0000000020004584       0x40 obj_zoul/uip-ds6-route.o
 .bss.neighborroutememb_memb_mem
                0x00000000200045c4       0x80 obj_zoul/uip-ds6-route.o
 .bss.notificationlist_list
                0x0000000020004644        0x4 obj_zoul/uip-ds6-route.o
 .bss.num_routes
                0x0000000020004648        0x4 obj_zoul/uip-ds6-route.o
 .bss.routelist_list
                0x000000002000464c        0x4 obj_zoul/uip-ds6-route.o
 .bss.routememb_memb_mem
                0x0000000020004650      0x280 obj_zoul/uip-ds6-route.o
 .bss.callback  0x00000000200048d0        0x4 obj_zoul/sicslowpan.o
 .bss.context   0x00000000200048d4        0x4 obj_zoul/sicslowpan.o
 .bss.frag_info
                0x00000000200048d8      0x170 obj_zoul/sicslowpan.o
 .bss.hc06_ptr  0x0000000020004a48        0x4 obj_zoul/sicslowpan.o
 .bss.last_rssi
                0x0000000020004a4c        0x4 obj_zoul/sicslowpan.o
 .bss.last_tx_status
                0x0000000020004a50        0x4 obj_zoul/sicslowpan.o
 .bss.packetbuf_payload_len
                0x0000000020004a54        0x4 obj_zoul/sicslowpan.o
 .bss.packetbuf_ptr
                0x0000000020004a58        0x4 obj_zoul/sicslowpan.o
 .bss.socketlist_list
                0x0000000020004a5c        0x4 obj_zoul/tcp-socket.o
 .bss.outputfunc
                0x0000000020004a60        0x4 obj_zoul/tcpip.o
 .bss.periodic  0x0000000020004a64       0x10 obj_zoul/tcpip.o
 .bss.s         0x0000000020004a74       0x44 obj_zoul/tcpip.o
 .bss.num_children
                0x0000000020004ab8        0x4 obj_zoul/rpl-nbr-policy.o
 .bss.num_parents
                0x0000000020004abc        0x4 obj_zoul/rpl-nbr-policy.o
 .bss.periodic_timer
                0x0000000020004ac0       0x20 obj_zoul/rpl-nbr-policy.o
 .bss.timer_init
                0x0000000020004ae0        0x4 obj_zoul/rpl-nbr-policy.o
 .bss.worst_rank_nbr
                0x0000000020004ae4        0x4 obj_zoul/rpl-nbr-policy.o
 .bss.periodic_timer
                0x0000000020004ae8       0x20 obj_zoul/rpl-timers.o
 .bss._rpl_parents_mem
                0x0000000020004b08       0x80 obj_zoul/rpl-dag.o
 .bss.bufmem_memb_mem
                0x0000000020004b88       0x10 obj_zoul/queuebuf.o
 .bss.all_tables
                0x0000000020004b98       0x20 obj_zoul/nbr-table.o
 .bss.nbr_table_keys_list
                0x0000000020004bb8        0x4 obj_zoul/nbr-table.o
 .bss.neighbor_addr_mem_memb_mem
                0x0000000020004bbc       0xc0 obj_zoul/nbr-table.o
 .bss.num_tables
                0x0000000020004c7c        0x4 obj_zoul/nbr-table.o
 .bss.packetbuf_aligned
                0x0000000020004c80       0x80 obj_zoul/packetbuf.o
 .bss._link_stats_mem
                0x0000000020004d00       0xc0 obj_zoul/link-stats.o
 .bss.received_seqnos
                0x0000000020004dc0      0x100 obj_zoul/mac-sequence.o
 .bss.metadata_memb_memb_mem
                0x0000000020004ec0       0x30 obj_zoul/csma.o
 .bss.neighbor_list_list
                0x0000000020004ef0        0x4 obj_zoul/csma.o
 .bss.neighbor_memb_memb_mem
                0x0000000020004ef4       0x70 obj_zoul/csma.o